Component: Arm Compiler for Embedded 6.22 Tool: armlink [5ee90200]

==============================================================================

Section Cross References

    startup_stm32l073xx.o(STACK) refers (Special) to heapauxi.o(.text) for __use_two_region_memory
    startup_stm32l073xx.o(HEAP) refers (Special) to heapauxi.o(.text) for __use_two_region_memory
    startup_stm32l073xx.o(RESET) refers (Special) to heapauxi.o(.text) for __use_two_region_memory
    startup_stm32l073xx.o(RESET) refers to startup_stm32l073xx.o(STACK) for __initial_sp
    startup_stm32l073xx.o(RESET) refers to startup_stm32l073xx.o(.text) for Reset_Handler
    startup_stm32l073xx.o(RESET) refers to stm32l0xx_it.o(.text.NMI_Handler) for NMI_Handler
    startup_stm32l073xx.o(RESET) refers to stm32l0xx_it.o(.text.HardFault_Handler) for HardFault_Handler
    startup_stm32l073xx.o(RESET) refers to stm32l0xx_it.o(.text.SVC_Handler) for SVC_Handler
    startup_stm32l073xx.o(RESET) refers to stm32l0xx_it.o(.text.PendSV_Handler) for PendSV_Handler
    startup_stm32l073xx.o(RESET) refers to stm32l0xx_it.o(.text.SysTick_Handler) for SysTick_Handler
    startup_stm32l073xx.o(RESET) refers to stm32l0xx_it.o(.text.PVD_IRQHandler) for PVD_IRQHandler
    startup_stm32l073xx.o(RESET) refers to stm32l0xx_it.o(.text.TIM6_DAC_IRQHandler) for TIM6_DAC_IRQHandler
    startup_stm32l073xx.o(RESET) refers to stm32l0xx_it.o(.text.TIM7_IRQHandler) for TIM7_IRQHandler
    startup_stm32l073xx.o(RESET) refers to stm32l0xx_it.o(.text.USART2_IRQHandler) for USART2_IRQHandler
    startup_stm32l073xx.o(.text) refers (Special) to heapauxi.o(.text) for __use_two_region_memory
    startup_stm32l073xx.o(.text) refers to system_stm32l0xx.o(.text.SystemInit) for SystemInit
    startup_stm32l073xx.o(.text) refers to __main.o(!!!main) for __main
    startup_stm32l073xx.o(.text) refers to startup_stm32l073xx.o(HEAP) for Heap_Mem
    startup_stm32l073xx.o(.text) refers to startup_stm32l073xx.o(STACK) for Stack_Mem
    main.o(.text) refers (Special) to _printf_percent.o(.ARM.Collect$$_printf_percent$$00000000) for _printf_percent
    main.o(.text) refers (Special) to _printf_s.o(.ARM.Collect$$_printf_percent$$00000014) for _printf_s
    main.o(.text) refers (Special) to _printf_f.o(.ARM.Collect$$_printf_percent$$00000003) for _printf_f
    main.o(.text) refers (Special) to printf1.o(x$fpl$printf1) for _printf_fp_dec
    main.o(.text) refers (Special) to _printf_str.o(.text) for _printf_str
    main.o(.text.zemadaznis_filtras) refers (Special) to _printf_percent.o(.ARM.Collect$$_printf_percent$$00000000) for _printf_percent
    main.o(.text.zemadaznis_filtras) refers (Special) to _printf_s.o(.ARM.Collect$$_printf_percent$$00000014) for _printf_s
    main.o(.text.zemadaznis_filtras) refers (Special) to _printf_f.o(.ARM.Collect$$_printf_percent$$00000003) for _printf_f
    main.o(.text.zemadaznis_filtras) refers (Special) to printf1.o(x$fpl$printf1) for _printf_fp_dec
    main.o(.text.zemadaznis_filtras) refers (Special) to _printf_str.o(.text) for _printf_str
    main.o(.text.zemadaznis_filtras) refers to fmul.o(x$fpl$fmul) for __aeabi_fmul
    main.o(.text.zemadaznis_filtras) refers to faddsub.o(x$fpl$fadd) for __aeabi_fadd
    main.o(.ARM.exidx.text.zemadaznis_filtras) refers (Special) to _printf_percent.o(.ARM.Collect$$_printf_percent$$00000000) for _printf_percent
    main.o(.ARM.exidx.text.zemadaznis_filtras) refers (Special) to _printf_s.o(.ARM.Collect$$_printf_percent$$00000014) for _printf_s
    main.o(.ARM.exidx.text.zemadaznis_filtras) refers (Special) to _printf_f.o(.ARM.Collect$$_printf_percent$$00000003) for _printf_f
    main.o(.ARM.exidx.text.zemadaznis_filtras) refers (Special) to printf1.o(x$fpl$printf1) for _printf_fp_dec
    main.o(.ARM.exidx.text.zemadaznis_filtras) refers (Special) to _printf_str.o(.text) for _printf_str
    main.o(.ARM.exidx.text.zemadaznis_filtras) refers to main.o(.text.zemadaznis_filtras) for [Anonymous Symbol]
    main.o(.text.main) refers (Special) to _printf_percent.o(.ARM.Collect$$_printf_percent$$00000000) for _printf_percent
    main.o(.text.main) refers (Special) to _printf_s.o(.ARM.Collect$$_printf_percent$$00000014) for _printf_s
    main.o(.text.main) refers (Special) to _printf_f.o(.ARM.Collect$$_printf_percent$$00000003) for _printf_f
    main.o(.text.main) refers (Special) to printf1.o(x$fpl$printf1) for _printf_fp_dec
    main.o(.text.main) refers (Special) to _printf_str.o(.text) for _printf_str
    main.o(.text.main) refers to stm32l0xx_hal.o(.text.HAL_Init) for HAL_Init
    main.o(.text.main) refers to main.o(.text.SystemClock_Config) for SystemClock_Config
    main.o(.text.main) refers to stm32l0xx_hal_i2c.o(.text.HAL_I2C_Init) for HAL_I2C_Init
    main.o(.text.main) refers to stm32l0xx_hal_i2c_ex.o(.text.HAL_I2CEx_ConfigAnalogFilter) for HAL_I2CEx_ConfigAnalogFilter
[...]
    [Anonymous Symbol]                       0x080020f4   Section        0  stm32l0xx_hal_cortex.o(.text.HAL_NVIC_SetPriority)
    __arm_cp.0_0                             0x08002124   Number         4  stm32l0xx_hal_cortex.o(.text.HAL_NVIC_SetPriority)
    __arm_cp.0_1                             0x08002128   Number         4  stm32l0xx_hal_cortex.o(.text.HAL_NVIC_SetPriority)
    [Anonymous Symbol]                       0x0800212c   Section        0  stm32l0xx_hal_pwr.o(.text.HAL_PWR_PVDCallback)
    [Anonymous Symbol]                       0x08002130   Section        0  stm32l0xx_hal_pwr.o(.text.HAL_PWR_PVD_IRQHandler)
    __arm_cp.15_0                            0x08002148   Number         4  stm32l0xx_hal_pwr.o(.text.HAL_PWR_PVD_IRQHandler)
    [Anonymous Symbol]                       0x0800214c   Section        0  stm32l0xx_hal_rcc_ex.o(.text.HAL_RCCEx_PeriphCLKConfig)
    __arm_cp.0_0                             0x0800237c   Number         4  stm32l0xx_hal_rcc_ex.o(.text.HAL_RCCEx_PeriphCLKConfig)
    __arm_cp.0_1                             0x08002380   Number         4  stm32l0xx_hal_rcc_ex.o(.text.HAL_RCCEx_PeriphCLKConfig)
    [Anonymous Symbol]                       0x08002384   Section        0  stm32l0xx_hal_rcc.o(.text.HAL_RCC_ClockConfig)
    __arm_cp.3_0                             0x0800257c   Number         4  stm32l0xx_hal_rcc.o(.text.HAL_RCC_ClockConfig)
    __arm_cp.3_1                             0x08002580   Number         4  stm32l0xx_hal_rcc.o(.text.HAL_RCC_ClockConfig)
    __arm_cp.3_7                             0x08002584   Number         4  stm32l0xx_hal_rcc.o(.text.HAL_RCC_ClockConfig)
    __arm_cp.3_9                             0x08002588   Number         4  stm32l0xx_hal_rcc.o(.text.HAL_RCC_ClockConfig)
    [Anonymous Symbol]                       0x0800258c   Section        0  stm32l0xx_hal_rcc.o(.text.HAL_RCC_GetPCLK1Freq)
    [Anonymous Symbol]                       0x080025a0   Section        0  stm32l0xx_hal_rcc.o(.text.HAL_RCC_GetPCLK2Freq)
    __arm_cp.8_0                             0x080025b4   Number         4  stm32l0xx_hal_rcc.o(.text.HAL_RCC_GetPCLK2Freq)
    __arm_cp.8_1                             0x080025b8   Number         4  stm32l0xx_hal_rcc.o(.text.HAL_RCC_GetPCLK2Freq)
    __arm_cp.8_2                             0x080025bc   Number         4  stm32l0xx_hal_rcc.o(.text.HAL_RCC_GetPCLK2Freq)
    [Anonymous Symbol]                       0x080025c0   Section        0  stm32l0xx_hal_rcc.o(.text.HAL_RCC_GetSysClockFreq)
    __arm_cp.2_1                             0x08002624   Number         4  stm32l0xx_hal_rcc.o(.text.HAL_RCC_GetSysClockFreq)
    __arm_cp.2_2                             0x08002628   Number         4  stm32l0xx_hal_rcc.o(.text.HAL_RCC_GetSysClockFreq)
    __arm_cp.2_3                             0x0800262c   Number         4  stm32l0xx_hal_rcc.o(.text.HAL_RCC_GetSysClockFreq)
    __arm_cp.2_4                             0x08002630   Number         4  stm32l0xx_hal_rcc.o(.text.HAL_RCC_GetSysClockFreq)
    [Anonymous Symbol]                       0x08002634   Section        0  stm32l0xx_hal_rcc.o(.text.HAL_RCC_OscConfig)
    __arm_cp.1_13                            0x080027d4   Number         4  stm32l0xx_hal_rcc.o(.text.HAL_RCC_OscConfig)
    __arm_cp.1_1                             0x08002b94   Number         4  stm32l0xx_hal_rcc.o(.text.HAL_RCC_OscConfig)
    __arm_cp.1_2                             0x08002b98   Number         4  stm32l0xx_hal_rcc.o(.text.HAL_RCC_OscConfig)
    __arm_cp.1_3                             0x08002b9c   Number         4  stm32l0xx_hal_rcc.o(.text.HAL_RCC_OscConfig)
    __arm_cp.1_4                             0x08002ba0   Number         4  stm32l0xx_hal_rcc.o(.text.HAL_RCC_OscConfig)
    __arm_cp.1_5                             0x08002ba4   Number         4  stm32l0xx_hal_rcc.o(.text.HAL_RCC_OscConfig)
    __arm_cp.1_6                             0x08002ba8   Number         4  stm32l0xx_hal_rcc.o(.text.HAL_RCC_OscConfig)
    __arm_cp.1_7                             0x08002bac   Number         4  stm32l0xx_hal_rcc.o(.text.HAL_RCC_OscConfig)
    __arm_cp.1_8                             0x08002bb0   Number         4  stm32l0xx_hal_rcc.o(.text.HAL_RCC_OscConfig)
    __arm_cp.1_9                             0x08002bb4   Number         4  stm32l0xx_hal_rcc.o(.text.HAL_RCC_OscConfig)
    __arm_cp.1_10                            0x08002bb8   Number         4  stm32l0xx_hal_rcc.o(.text.HAL_RCC_OscConfig)
    [Anonymous Symbol]                       0x08002bbc   Section        0  stm32l0xx_hal_cortex.o(.text.HAL_SYSTICK_Config)
    __arm_cp.4_0                             0x08002be4   Number         4  stm32l0xx_hal_cortex.o(.text.HAL_SYSTICK_Config)
    __arm_cp.4_1                             0x08002be8   Number         4  stm32l0xx_hal_cortex.o(.text.HAL_SYSTICK_Config)
    __arm_cp.4_2                             0x08002bec   Number         4  stm32l0xx_hal_cortex.o(.text.HAL_SYSTICK_Config)
    [Anonymous Symbol]                       0x08002bf0   Section        0  stm32l0xx_hal_tim_ex.o(.text.HAL_TIMEx_MasterConfigSynchronization)
    [Anonymous Symbol]                       0x08002c4c   Section        0  stm32l0xx_hal_tim.o(.text.HAL_TIM_Base_Init)
    [Anonymous Symbol]                       0x08002cf8   Section        0  stm32l0xx_hal_msp.o(.text.HAL_TIM_Base_MspInit)
    __arm_cp.3_2                             0x08002d2c   Number         4  stm32l0xx_hal_msp.o(.text.HAL_TIM_Base_MspInit)
    [Anonymous Symbol]                       0x08002d30   Section        0  stm32l0xx_hal_tim.o(.text.HAL_TIM_Base_Start_IT)
    __arm_cp.6_0                             0x08002d84   Number         4  stm32l0xx_hal_tim.o(.text.HAL_TIM_Base_Start_IT)
    __arm_cp.6_1                             0x08002d88   Number         4  stm32l0xx_hal_tim.o(.text.HAL_TIM_Base_Start_IT)
    __arm_cp.6_2                             0x08002d8c   Number         4  stm32l0xx_hal_tim.o(.text.HAL_TIM_Base_Start_IT)
    __arm_cp.6_3                             0x08002d90   Number         4  stm32l0xx_hal_tim.o(.text.HAL_TIM_Base_Start_IT)
    [Anonymous Symbol]                       0x08002d94   Section        0  stm32l0xx_hal_tim.o(.text.HAL_TIM_IC_CaptureCallback)
    [Anonymous Symbol]                       0x08002d96   Section        0  stm32l0xx_hal_tim.o(.text.HAL_TIM_IRQHandler)
    [Anonymous Symbol]                       0x08002eac   Section        0  stm32l0xx_hal_tim.o(.text.HAL_TIM_OC_DelayElapsedCallback)
    [Anonymous Symbol]                       0x08002eae   Section        0  stm32l0xx_hal_tim.o(.text.HAL_TIM_PWM_PulseFinishedCallback)
    [Anonymous Symbol]                       0x08002eb0   Section        0  main.o(.text.HAL_TIM_PeriodElapsedCallback)
    __arm_cp.3_0                             0x08002ecc   Number         4  main.o(.text.HAL_TIM_PeriodElapsedCallback)
    __arm_cp.3_1                             0x08002ed0   Number         4  main.o(.text.HAL_TIM_PeriodElapsedCallback)
    __arm_cp.3_2                             0x08002ed4   Number         4  main.o(.text.HAL_TIM_PeriodElapsedCallback)
    [Anonymous Symbol]                       0x08002ed8   Section        0  stm32l0xx_hal_tim.o(.text.HAL_TIM_TriggerCallback)
    [Anonymous Symbol]                       0x08002eda   Section        0  stm32l0xx_hal_uart.o(.text.HAL_UARTEx_RxEventCallback)
    [Anonymous Symbol]                       0x08002edc   Section        0  stm32l0xx_hal_uart_ex.o(.text.HAL_UARTEx_WakeupCallback)
    [Anonymous Symbol]                       0x08002ede   Section        0  stm32l0xx_hal_uart.o(.text.HAL_UART_ErrorCallback)
    [Anonymous Symbol]                       0x08002ee0   Section        0  stm32l0xx_hal_uart.o(.text.HAL_UART_IRQHandler)
    __arm_cp.40_0                            0x080032c0   Number         4  stm32l0xx_hal_uart.o(.text.HAL_UART_IRQHandler)
    __arm_cp.40_1                            0x080032c4   Number         4  stm32l0xx_hal_uart.o(.text.HAL_UART_IRQHandler)
    __arm_cp.40_2                            0x080032c8   Number         4  stm32l0xx_hal_uart.o(.text.HAL_UART_IRQHandler)
    [Anonymous Symbol]                       0x080032cc   Section        0  stm32l0xx_hal_uart.o(.text.HAL_UART_Init)
    [Anonymous Symbol]                       0x0800333c   Section        0  stm32l0xx_hal_msp.o(.text.HAL_UART_MspInit)
    __arm_cp.5_0                             0x080033a4   Number         4  stm32l0xx_hal_msp.o(.text.HAL_UART_MspInit)
    __arm_cp.5_1                             0x080033a8   Number         4  stm32l0xx_hal_msp.o(.text.HAL_UART_MspInit)
    [Anonymous Symbol]                       0x080033ac   Section        0  stm32l0xx_hal_uart.o(.text.HAL_UART_Transmit)
    __arm_cp.10_0                            0x08003484   Number         4  stm32l0xx_hal_uart.o(.text.HAL_UART_Transmit)
    [Anonymous Symbol]                       0x08003488   Section        0  stm32l0xx_hal_uart.o(.text.HAL_UART_Transmit_IT)
    __arm_cp.13_0                            0x08003508   Number         4  stm32l0xx_hal_uart.o(.text.HAL_UART_Transmit_IT)
    __arm_cp.13_1                            0x0800350c   Number         4  stm32l0xx_hal_uart.o(.text.HAL_UART_Transmit_IT)
    [Anonymous Symbol]                       0x08003510   Section        0  stm32l0xx_hal_uart.o(.text.HAL_UART_TxCpltCallback)
    [Anonymous Symbol]                       0x08003512   Section        0  stm32l0xx_it.o(.text.HardFault_Handler)
    I2C_IsErrorOccurred                      0x08003515   Thumb Code   376  stm32l0xx_hal_i2c.o(.text.I2C_IsErrorOccurred)
    [Anonymous Symbol]                       0x08003514   Section        0  stm32l0xx_hal_i2c.o(.text.I2C_IsErrorOccurred)
    __arm_cp.72_0                            0x0800368c   Number         4  stm32l0xx_hal_i2c.o(.text.I2C_IsErrorOccurred)
    I2C_WaitOnFlagUntilTimeout               0x08003691   Thumb Code   212  stm32l0xx_hal_i2c.o(.text.I2C_WaitOnFlagUntilTimeout)
    [Anonymous Symbol]                       0x08003690   Section        0  stm32l0xx_hal_i2c.o(.text.I2C_WaitOnFlagUntilTimeout)
    I2C_WaitOnSTOPFlagUntilTimeout           0x08003765   Thumb Code   134  stm32l0xx_hal_i2c.o(.text.I2C_WaitOnSTOPFlagUntilTimeout)
    [Anonymous Symbol]                       0x08003764   Section        0  stm32l0xx_hal_i2c.o(.text.I2C_WaitOnSTOPFlagUntilTimeout)
    I2C_WaitOnTXISFlagUntilTimeout           0x080037eb   Thumb Code   166  stm32l0xx_hal_i2c.o(.text.I2C_WaitOnTXISFlagUntilTimeout)
    [Anonymous Symbol]                       0x080037ea   Section        0  stm32l0xx_hal_i2c.o(.text.I2C_WaitOnTXISFlagUntilTimeout)
    [Anonymous Symbol]                       0x08003890   Section        0  stm32l0xx_it.o(.text.NMI_Handler)
    [Anonymous Symbol]                       0x08003892   Section        0  stm32l0xx_it.o(.text.PVD_IRQHandler)
    [Anonymous Symbol]                       0x0800389a   Section        0  stm32l0xx_it.o(.text.PendSV_Handler)
    [Anonymous Symbol]                       0x0800389c   Section        0  stm32l0xx_it.o(.text.SVC_Handler)
    [Anonymous Symbol]                       0x0800389e   Section        0  stm32l0xx_it.o(.text.SysTick_Handler)
    [Anonymous Symbol]                       0x080038a8   Section        0  main.o(.text.SystemClock_Config)
    __arm_cp.2_0                             0x08003940   Number         4  main.o(.text.SystemClock_Config)
    [Anonymous Symbol]                       0x08003944   Section        0  system_stm32l0xx.o(.text.SystemInit)
    [Anonymous Symbol]                       0x08003948   Section        0  stm32l0xx_it.o(.text.TIM6_DAC_IRQHandler)
    __arm_cp.6_0                             0x08003954   Number         4  stm32l0xx_it.o(.text.TIM6_DAC_IRQHandler)
    [Anonymous Symbol]                       0x08003958   Section        0  stm32l0xx_it.o(.text.TIM7_IRQHandler)
    __arm_cp.7_0                             0x08003964   Number         4  stm32l0xx_it.o(.text.TIM7_IRQHandler)
    [Anonymous Symbol]                       0x08003968   Section        0  stm32l0xx_hal_uart.o(.text.UART_AdvFeatureConfig)
    [Anonymous Symbol]                       0x08003a3c   Section        0  stm32l0xx_hal_uart.o(.text.UART_CheckIdleState)
    __arm_cp.4_0                             0x08003b08   Number         4  stm32l0xx_hal_uart.o(.text.UART_CheckIdleState)
    UART_DMAAbortOnError                     0x08003b0d   Thumb Code    22  stm32l0xx_hal_uart.o(.text.UART_DMAAbortOnError)
    [Anonymous Symbol]                       0x08003b0c   Section        0  stm32l0xx_hal_uart.o(.text.UART_DMAAbortOnError)
    [Anonymous Symbol]                       0x08003b24   Section        0  stm32l0xx_hal_uart.o(.text.UART_SetConfig)
    __arm_cp.2_0                             0x08003d08   Number         4  stm32l0xx_hal_uart.o(.text.UART_SetConfig)
    __arm_cp.2_1                             0x08003d0c   Number         4  stm32l0xx_hal_uart.o(.text.UART_SetConfig)
    __arm_cp.2_2                             0x08003d10   Number         4  stm32l0xx_hal_uart.o(.text.UART_SetConfig)
    __arm_cp.2_3                             0x08003d14   Number         4  stm32l0xx_hal_uart.o(.text.UART_SetConfig)
    __arm_cp.2_4                             0x08003d18   Number         4  stm32l0xx_hal_uart.o(.text.UART_SetConfig)
    __arm_cp.2_5                             0x08003d1c   Number         4  stm32l0xx_hal_uart.o(.text.UART_SetConfig)
    __arm_cp.2_6                             0x08003d20   Number         4  stm32l0xx_hal_uart.o(.text.UART_SetConfig)
    __arm_cp.2_7                             0x08003d24   Number         4  stm32l0xx_hal_uart.o(.text.UART_SetConfig)
    __arm_cp.2_8                             0x08003d28   Number         4  stm32l0xx_hal_uart.o(.text.UART_SetConfig)
    __arm_cp.2_10                            0x08003d3c   Number         4  stm32l0xx_hal_uart.o(.text.UART_SetConfig)
    __arm_cp.2_11                            0x08003d40   Number         4  stm32l0xx_hal_uart.o(.text.UART_SetConfig)
    __arm_cp.2_12                            0x08003d44   Number         4  stm32l0xx_hal_uart.o(.text.UART_SetConfig)
    __arm_cp.2_13                            0x08003d48   Number         4  stm32l0xx_hal_uart.o(.text.UART_SetConfig)
    __arm_cp.2_14                            0x08003d4c   Number         4  stm32l0xx_hal_uart.o(.text.UART_SetConfig)
    UART_TxISR_16BIT                         0x08003d51   Thumb Code    92  stm32l0xx_hal_uart.o(.text.UART_TxISR_16BIT)
    [Anonymous Symbol]                       0x08003d50   Section        0  stm32l0xx_hal_uart.o(.text.UART_TxISR_16BIT)
    __arm_cp.14_0                            0x08003dac   Number         4  stm32l0xx_hal_uart.o(.text.UART_TxISR_16BIT)
    UART_TxISR_8BIT                          0x08003db1   Thumb Code    88  stm32l0xx_hal_uart.o(.text.UART_TxISR_8BIT)
    [Anonymous Symbol]                       0x08003db0   Section        0  stm32l0xx_hal_uart.o(.text.UART_TxISR_8BIT)
    [Anonymous Symbol]                       0x08003e08   Section        0  stm32l0xx_hal_uart.o(.text.UART_WaitOnFlagUntilTimeout)
    [Anonymous Symbol]                       0x08003fa8   Section        0  stm32l0xx_it.o(.text.USART2_IRQHandler)
    __arm_cp.8_0                             0x08003fb4   Number         4  stm32l0xx_it.o(.text.USART2_IRQHandler)
    [Anonymous Symbol]                       0x08003fb8   Section        0  bmp280.o(.text.bmp280_init)
    __arm_cp.1_0                             0x0800423c   Number         4  bmp280.o(.text.bmp280_init)
    __arm_cp.1_1                             0x08004240   Number         4  bmp280.o(.text.bmp280_init)
    [Anonymous Symbol]                       0x08004244   Section        0  bmp280.o(.text.bmp280_init_default_params)
    [Anonymous Symbol]                       0x08004258   Section        0  bmp280.o(.text.bmp280_read_fixed)
    __arm_cp.5_0                             0x080044ac   Number         4  bmp280.o(.text.bmp280_read_fixed)
    __arm_cp.5_1                             0x080044b0   Number         4  bmp280.o(.text.bmp280_read_fixed)
    __arm_cp.5_2                             0x080044b4   Number         4  bmp280.o(.text.bmp280_read_fixed)
    __arm_cp.5_3                             0x080044b8   Number         4  bmp280.o(.text.bmp280_read_fixed)
    [Anonymous Symbol]                       0x080044bc   Section        0  bmp280.o(.text.bmp280_read_float)
    __arm_cp.6_0                             0x08004514   Number         4  bmp280.o(.text.bmp280_read_float)
    [Anonymous Symbol]                       0x08004518   Section        0  main.o(.text.main)
    __arm_cp.1_34                            0x080048c8   Number         4  main.o(.text.main)
    __arm_cp.1_36                            0x080048d0   Number         4  main.o(.text.main)
    __arm_cp.1_37                            0x080048d4   Number         4  main.o(.text.main)
    __arm_cp.1_1                             0x08004938   Number         4  main.o(.text.main)
    __arm_cp.1_4                             0x0800493c   Number         4  main.o(.text.main)
    __arm_cp.1_5                             0x08004940   Number         4  main.o(.text.main)
    __arm_cp.1_6                             0x08004944   Number         4  main.o(.text.main)
    __arm_cp.1_7                             0x08004948   Number         4  main.o(.text.main)
    __arm_cp.1_8                             0x0800494c   Number         4  main.o(.text.main)
    __arm_cp.1_9                             0x08004950   Number         4  main.o(.text.main)
    __arm_cp.1_10                            0x08004954   Number         4  main.o(.text.main)
    __arm_cp.1_11                            0x08004958   Number         4  main.o(.text.main)
    __arm_cp.1_12                            0x0800495c   Number         4  main.o(.text.main)
    __arm_cp.1_14                            0x08004988   Number         4  main.o(.text.main)
    __arm_cp.1_17                            0x080049b0   Number         4  main.o(.text.main)
    __arm_cp.1_18                            0x080049b4   Number         4  main.o(.text.main)
    __arm_cp.1_19                            0x080049b8   Number         4  main.o(.text.main)
    __arm_cp.1_21                            0x080049cc   Number         4  main.o(.text.main)
    __arm_cp.1_25                            0x08004a00   Number         4  main.o(.text.main)
    __arm_cp.1_26                            0x08004a04   Number         4  main.o(.text.main)
    __arm_cp.1_27                            0x08004a08   Number         4  main.o(.text.main)
    __arm_cp.1_28                            0x08004a0c   Number         4  main.o(.text.main)
    __arm_cp.1_29                            0x08004a10   Number         4  main.o(.text.main)
    __arm_cp.1_30                            0x08004a14   Number         4  main.o(.text.main)
    __arm_cp.1_31                            0x08004a18   Number         4  main.o(.text.main)
    __arm_cp.1_32                            0x08004a1c   Number         4  main.o(.text.main)
    __arm_cp.1_33                            0x08004a20   Number         4  main.o(.text.main)
    read_hum_calibration_data                0x08004a25   Thumb Code   256  bmp280.o(.text.read_hum_calibration_data)
    [Anonymous Symbol]                       0x08004a24   Section        0  bmp280.o(.text.read_hum_calibration_data)
    read_register16                          0x08004b25   Thumb Code    52  bmp280.o(.text.read_register16)
    [Anonymous Symbol]                       0x08004b24   Section        0  bmp280.o(.text.read_register16)
    __arm_cp.7_0                             0x08004b58   Number         4  bmp280.o(.text.read_register16)
    [Anonymous Symbol]                       0x08004b5c   Section        0  ssd1306.o(.text.ssd1306_Fill)
    [Anonymous Symbol]                       0x08004b74   Section        0  ssd1306.o(.text.ssd1306_Init)
    __arm_cp.0_0                             0x08004f34   Number         4  ssd1306.o(.text.ssd1306_Init)
    [Anonymous Symbol]                       0x08004f38   Section        0  ssd1306.o(.text.ssd1306_SetCursor)
    __arm_cp.7_0                             0x08004f40   Number         4  ssd1306.o(.text.ssd1306_SetCursor)
    [Anonymous Symbol]                       0x08004f44   Section        0  ssd1306.o(.text.ssd1306_UpdateScreen)
    __arm_cp.2_0                             0x08004fd0   Number         4  ssd1306.o(.text.ssd1306_UpdateScreen)
    [Anonymous Symbol]                       0x08004fd4   Section        0  ssd1306.o(.text.ssd1306_WriteChar)
    __arm_cp.4_0                             0x08005364   Number         4  ssd1306.o(.text.ssd1306_WriteChar)
    __arm_cp.4_1                             0x08005368   Number         4  ssd1306.o(.text.ssd1306_WriteChar)
    [Anonymous Symbol]                       0x0800536c   Section        0  ssd1306.o(.text.ssd1306_WriteString)
    .text_divfast                            0x080053aa   Section      502  aeabi_sdivfast.o(.text_divfast)
    i.__ARM_common_ll_muluu                  0x080055a0   Section        0  btod.o(i.__ARM_common_ll_muluu)
    i.__ARM_fpclassify                       0x080055d0   Section        0  fpclassify.o(i.__ARM_fpclassify)
    i._fgeq                                  0x080055fc   Section        0  fcmp.o(i._fgeq)
    i._fgr                                   0x08005612   Section        0  fcmp.o(i._fgr)
    i._fleq                                  0x08005628   Section        0  fcmp.o(i._fleq)
    i._fls                                   0x08005642   Section        0  fcmp.o(i._fls)
    i._is_digit                              0x08005658   Section        0  __printf_wp.o(i._is_digit)
    locale$$code                             0x08005668   Section       44  lc_numeric_c.o(locale$$code)
    x$fpl$fadd                               0x08005694   Section      140  faddsub.o(x$fpl$fadd)
    _fadd1                                   0x080056a1   Thumb Code     0  faddsub.o(x$fpl$fadd)
    x$fpl$fgeqf                              0x08005720   Section       84  fgef.o(x$fpl$fgeqf)
    x$fpl$fleqf                              0x08005774   Section       84  flef.o(x$fpl$fleqf)
    x$fpl$fmul                               0x080057c8   Section      176  fmul.o(x$fpl$fmul)
    x$fpl$fsub                               0x08005878   Section      208  faddsub.o(x$fpl$fsub)
    _fsub1                                   0x08005885   Thumb Code     0  faddsub.o(x$fpl$fsub)
    x$fpl$printf1                            0x08005948   Section       16  printf1.o(x$fpl$printf1)
    fdiv_tab                                 0x08005958   Data          64  fdiv.o(.constdata)
    .constdata                               0x08005958   Section       64  fdiv.o(.constdata)
    x$fpl$usenofp                            0x08005958   Section        0  usenofp.o(x$fpl$usenofp)
    tenpwrs_x                                0x08005998   Data          60  bigflt0.o(.constdata)
    .constdata                               0x08005998   Section      148  bigflt0.o(.constdata)
    tenpwrs_i                                0x080059d4   Data          64  bigflt0.o(.constdata)
    Font7x10                                 0x08005a44   Data        1900  fonts.o(.rodata.Font7x10)
    [Anonymous Symbol]                       0x08005a44   Section        0  fonts.o(.rodata.Font7x10)
    [Anonymous Symbol]                       0x080061bc   Section        0  stm32l0xx_hal_uart.o(.rodata.cst16)
    [Anonymous Symbol]                       0x080061cc   Section        0  main.o(.rodata.str1.1)
    [Anonymous Symbol]                       0x080061f4   Section        0  main.o(.rodata.str1.4)
    locale$$data                             0x08006230   Section       28  lc_numeric_c.o(locale$$data)
    __lcnum_c_name                           0x08006234   Data           2  lc_numeric_c.o(locale$$data)
    __lcnum_c_start                          0x0800623c   Data           0  lc_numeric_c.o(locale$$data)
    __lcnum_c_point                          0x08006248   Data           0  lc_numeric_c.o(locale$$data)
    __lcnum_c_thousands                      0x0800624a   Data           0  lc_numeric_c.o(locale$$data)
    __lcnum_c_grouping                       0x0800624b   Data           0  lc_numeric_c.o(locale$$data)
    __lcnum_c_end                            0x0800624c   Data           0  lc_numeric_c.o(locale$$data)
    [Anonymous Symbol]                       0x20000000   Section        0  main.o(.data..L_MergedGlobals)
    [Anonymous Symbol]                       0x20000008   Section        0  stm32l0xx_hal.o(.data..L_MergedGlobals)
    .bss                                     0x20000020   Section       96  libspace.o(.bss)
    SSD1306.2                                0x20000080   Data           1  ssd1306.o(.bss..L_MergedGlobals)
    [Anonymous Symbol]                       0x20000080   Section        0  ssd1306.o(.bss..L_MergedGlobals)
    SSD1306.0                                0x20000082   Data           2  ssd1306.o(.bss..L_MergedGlobals)
    SSD1306.1                                0x20000084   Data           2  ssd1306.o(.bss..L_MergedGlobals)
    [Anonymous Symbol]                       0x20000088   Section        0  main.o(.bss..L_MergedGlobals.9)
    SSD1306_Buffer                           0x200000dc   Data        1024  ssd1306.o(.bss.SSD1306_Buffer)
    [Anonymous Symbol]                       0x200000dc   Section        0  ssd1306.o(.bss.SSD1306_Buffer)
    Heap_Mem                                 0x20000640   Data         512  startup_stm32l073xx.o(HEAP)
    HEAP                                     0x20000640   Section      512  startup_stm32l073xx.o(HEAP)
    Stack_Mem                                0x20000840   Data        1024  startup_stm32l073xx.o(STACK)
    STACK                                    0x20000840   Section     1024  startup_stm32l073xx.o(STACK)
    __initial_sp                             0x20000c40   Data           0  startup_stm32l073xx.o(STACK)

    Global Symbols

    Symbol Name                              Value     Ov Type        Size  Object(Section)

    BuildAttributes$$THM_ISAv3M$S$PE$A:L22$X:L11$S22$IEEE1$IW$~IW$USESV6$~STKCKD$USESV7$~SHL$OTIME$ROPI$IEEEJ$EBA8$UX$STANDARDLIB$REQ8$PRES8$EABIv2 0x00000000   Number         0  anon$$obj.o ABSOLUTE
    _printf_flags                            0x00000000   Number         0  printf_stubs.o ABSOLUTE
    _printf_return_value                     0x00000000   Number         0  printf_stubs.o ABSOLUTE
    _printf_sizespec                         0x00000000   Number         0  printf_stubs.o ABSOLUTE
    _printf_widthprec                        0x00000000   Number         0  printf_stubs.o ABSOLUTE
    __ARM_exceptions_init                     - Undefined Weak Reference
    __alloca_initialize                       - Undefined Weak Reference
    __arm_preinit_                            - Undefined Weak Reference
    __arm_relocate_pie_                       - Undefined Weak Reference
    __cpp_initialize__aeabi_                  - Undefined Weak Reference
    __cxa_finalize                            - Undefined Weak Reference
    __sigvec_lookup                           - Undefined Weak Reference
    _atexit_init                              - Undefined Weak Reference
    _call_atexit_fns                          - Undefined Weak Reference
    _clock_init                               - Undefined Weak Reference
    _fp_trap_init                             - Undefined Weak Reference
    _fp_trap_shutdown                         - Undefined Weak Reference
    _get_lc_collate                           - Undefined Weak Reference
    _get_lc_ctype                             - Undefined Weak Reference
    _get_lc_monetary                          - Undefined Weak Reference
    _get_lc_time                              - Undefined Weak Reference
    _getenv_init                              - Undefined Weak Reference
    _handle_redirection                       - Undefined Weak Reference
    _init_alloc                               - Undefined Weak Reference
    _init_user_alloc                          - Undefined Weak Reference
    _initio                                   - Undefined Weak Reference
    _printf_mbtowc                            - Undefined Weak Reference
    _printf_post_padding                      - Undefined Weak Reference
    _printf_pre_padding                       - Undefined Weak Reference
    _rand_init                                - Undefined Weak Reference
    _signal_finish                            - Undefined Weak Reference
    _signal_init                              - Undefined Weak Reference
    _terminate_alloc                          - Undefined Weak Reference
    _terminate_user_alloc                     - Undefined Weak Reference
    _terminateio                              - Undefined Weak Reference
    __Vectors_Size                           0x000000c0   Number         0  startup_stm32l073xx.o ABSOLUTE
    __Vectors                                0x08000000   Data           4  startup_stm32l073xx.o(RESET)
    __Vectors_End                            0x080000c0   Data           0  startup_stm32l073xx.o(RESET)
    __main                                   0x080000c1   Thumb Code     8  __main.o(!!!main)
    __scatterload                            0x080000c9   Thumb Code     0  __scatter.o(!!!scatter)
    __scatterload_rt2                        0x080000c9   Thumb Code    74  __scatter.o(!!!scatter)
    __scatterload_rt2_thumb_only             0x080000c9   Thumb Code     0  __scatter.o(!!!scatter)
    __scatterload_loop                       0x080000d3   Thumb Code     0  __scatter.o(!!!scatter)
    __scatterload_copy                       0x0800011d   Thumb Code    26  __scatter_copy.o(!!handler_copy)
    __scatterload_null                       0x08000139   Thumb Code     2  __scatter.o(!!handler_null)
    __scatterload_zeroinit                   0x0800013d   Thumb Code    28  __scatter_zi.o(!!handler_zi)
    _printf_percent                          0x08000159   Thumb Code     0  _printf_percent.o(.ARM.Collect$$_printf_percent$$00000000)
    _printf_f                                0x0800015b   Thumb Code     0  _printf_f.o(.ARM.Collect$$_printf_percent$$00000003)
    _printf_s                                0x08000165   Thumb Code     0  _printf_s.o(.ARM.Collect$$_printf_percent$$00000014)
    _printf_percent_end                      0x0800016f   Thumb Code     0  _printf_percent_end.o(.ARM.Collect$$_printf_percent$$00000017)
    __rt_lib_init                            0x08000173   Thumb Code     0  libinit.o(.ARM.Collect$$libinit$$00000000)
    __rt_lib_init_fp_1                       0x08000175   Thumb Code     0  libinit2.o(.ARM.Collect$$libinit$$00000002)
    __rt_lib_init_heap_1                     0x08000175   Thumb Code     0  libinit2.o(.ARM.Collect$$libinit$$0000000C)
    __rt_lib_init_lc_common                  0x08000175   Thumb Code     0  libinit2.o(.ARM.Collect$$libinit$$00000011)
    __rt_lib_init_preinit_1                  0x08000175   Thumb Code     0  libinit2.o(.ARM.Collect$$libinit$$00000006)
    __rt_lib_init_rand_1                     0x08000175   Thumb Code     0  libinit2.o(.ARM.Collect$$libinit$$00000010)
    __rt_lib_init_relocate_pie_1             0x08000175   Thumb Code     0  libinit2.o(.ARM.Collect$$libinit$$00000004)
    __rt_lib_init_user_alloc_1               0x08000175   Thumb Code     0  libinit2.o(.ARM.Collect$$libinit$$0000000E)
    __rt_lib_init_lc_collate_1               0x0800017b   Thumb Code     0  libinit2.o(.ARM.Collect$$libinit$$00000013)
    __rt_lib_init_lc_ctype_1                 0x0800017b   Thumb Code     0  libinit2.o(.ARM.Collect$$libinit$$00000015)
    __rt_lib_init_lc_monetary_1              0x0800017b   Thumb Code     0  libinit2.o(.ARM.Collect$$libinit$$00000017)
    __rt_lib_init_lc_numeric_2               0x0800017b   Thumb Code     0  libinit2.o(.ARM.Collect$$libinit$$00000018)
    __rt_lib_init_alloca_1                   0x08000185   Thumb Code     0  libinit2.o(.ARM.Collect$$libinit$$00000030)
    __rt_lib_init_argv_1                     0x08000185   Thumb Code     0  libinit2.o(.ARM.Collect$$libinit$$0000002E)
    __rt_lib_init_atexit_1                   0x08000185   Thumb Code     0  libinit2.o(.ARM.Collect$$libinit$$0000001D)
    __rt_lib_init_clock_1                    0x08000185   Thumb Code     0  libinit2.o(.ARM.Collect$$libinit$$00000023)
    __rt_lib_init_cpp_1                      0x08000185   Thumb Code     0  libinit2.o(.ARM.Collect$$libinit$$00000034)
    __rt_lib_init_exceptions_1               0x08000185   Thumb Code     0  libinit2.o(.ARM.Collect$$libinit$$00000032)
    __rt_lib_init_fp_trap_1                  0x08000185   Thumb Code     0  libinit2.o(.ARM.Collect$$libinit$$00000021)
    __rt_lib_init_getenv_1                   0x08000185   Thumb Code     0  libinit2.o(.ARM.Collect$$libinit$$00000025)
    __rt_lib_init_lc_numeric_1               0x08000185   Thumb Code     0  libinit2.o(.ARM.Collect$$libinit$$00000019)
    __rt_lib_init_lc_time_1                  0x08000185   Thumb Code     0  libinit2.o(.ARM.Collect$$libinit$$0000001B)
    __rt_lib_init_return                     0x08000185   Thumb Code     0  libinit2.o(.ARM.Collect$$libinit$$00000035)
    __rt_lib_init_signal_1                   0x08000185   Thumb Code     0  libinit2.o(.ARM.Collect$$libinit$$0000001F)
    __rt_lib_init_stdio_1                    0x08000185   Thumb Code     0  libinit2.o(.ARM.Collect$$libinit$$00000027)
    __rt_lib_shutdown                        0x08000187   Thumb Code     0  libshutdown.o(.ARM.Collect$$libshutdown$$00000000)
    __rt_lib_shutdown_cpp_1                  0x08000189   Thumb Code     0  libshutdown2.o(.ARM.Collect$$libshutdown$$00000002)
    __rt_lib_shutdown_fp_trap_1              0x08000189   Thumb Code     0  libshutdown2.o(.ARM.Collect$$libshutdown$$00000007)
    __rt_lib_shutdown_heap_1                 0x08000189   Thumb Code     0  libshutdown2.o(.ARM.Collect$$libshutdown$$0000000F)
    __rt_lib_shutdown_return                 0x08000189   Thumb Code     0  libshutdown2.o(.ARM.Collect$$libshutdown$$00000010)
    __rt_lib_shutdown_signal_1               0x08000189   Thumb Code     0  libshutdown2.o(.ARM.Collect$$libshutdown$$0000000A)
    __rt_lib_shutdown_stdio_1                0x08000189   Thumb Code     0  libshutdown2.o(.ARM.Collect$$libshutdown$$00000004)
    __rt_lib_shutdown_user_alloc_1           0x08000189   Thumb Code     0  libshutdown2.o(.ARM.Collect$$libshutdown$$0000000C)
    __rt_entry                               0x0800018b   Thumb Code     0  __rtentry.o(.ARM.Collect$$rtentry$$00000000)
    __rt_entry_presh_1                       0x0800018b   Thumb Code     0  __rtentry2.o(.ARM.Collect$$rtentry$$00000002)
    __rt_entry_sh                            0x0800018b   Thumb Code     0  __rtentry4.o(.ARM.Collect$$rtentry$$00000004)
    __rt_entry_li                            0x08000191   Thumb Code     0  __rtentry2.o(.ARM.Collect$$rtentry$$0000000A)
    __rt_entry_postsh_1                      0x08000191   Thumb Code     0  __rtentry2.o(.ARM.Collect$$rtentry$$00000009)
    __rt_entry_main                          0x08000195   Thumb Code     0  __rtentry2.o(.ARM.Collect$$rtentry$$0000000D)
    __rt_entry_postli_1                      0x08000195   Thumb Code     0  __rtentry2.o(.ARM.Collect$$rtentry$$0000000C)
    __rt_exit                                0x0800019d   Thumb Code     0  rtexit.o(.ARM.Collect$$rtexit$$00000000)
    __rt_exit_ls                             0x0800019f   Thumb Code     0  rtexit2.o(.ARM.Collect$$rtexit$$00000003)
    __rt_exit_prels_1                        0x0800019f   Thumb Code     0  rtexit2.o(.ARM.Collect$$rtexit$$00000002)
    __rt_exit_exit                           0x080001a3   Thumb Code     0  rtexit2.o(.ARM.Collect$$rtexit$$00000004)
    Reset_Handler                            0x080001a9   Thumb Code     8  startup_stm32l073xx.o(.text)
    ADC1_COMP_IRQHandler                     0x080001bb   Thumb Code     0  startup_stm32l073xx.o(.text)
    DMA1_Channel1_IRQHandler                 0x080001bb   Thumb Code     0  startup_stm32l073xx.o(.text)
    DMA1_Channel2_3_IRQHandler               0x080001bb   Thumb Code     0  startup_stm32l073xx.o(.text)
    DMA1_Channel4_5_6_7_IRQHandler           0x080001bb   Thumb Code     0  startup_stm32l073xx.o(.text)
    EXTI0_1_IRQHandler                       0x080001bb   Thumb Code     0  startup_stm32l073xx.o(.text)
    EXTI2_3_IRQHandler                       0x080001bb   Thumb Code     0  startup_stm32l073xx.o(.text)
    EXTI4_15_IRQHandler                      0x080001bb   Thumb Code     0  startup_stm32l073xx.o(.text)
    FLASH_IRQHandler                         0x080001bb   Thumb Code     0  startup_stm32l073xx.o(.text)
    I2C1_IRQHandler                          0x080001bb   Thumb Code     0  startup_stm32l073xx.o(.text)
    I2C2_IRQHandler                          0x080001bb   Thumb Code     0  startup_stm32l073xx.o(.text)
    I2C3_IRQHandler                          0x080001bb   Thumb Code     0  startup_stm32l073xx.o(.text)
    LCD_IRQHandler                           0x080001bb   Thumb Code     0  startup_stm32l073xx.o(.text)
    LPTIM1_IRQHandler                        0x080001bb   Thumb Code     0  startup_stm32l073xx.o(.text)
    RCC_CRS_IRQHandler                       0x080001bb   Thumb Code     0  startup_stm32l073xx.o(.text)
    RNG_LPUART1_IRQHandler                   0x080001bb   Thumb Code     0  startup_stm32l073xx.o(.text)
    RTC_IRQHandler                           0x080001bb   Thumb Code     0  startup_stm32l073xx.o(.text)
    SPI1_IRQHandler                          0x080001bb   Thumb Code     0  startup_stm32l073xx.o(.text)
    SPI2_IRQHandler                          0x080001bb   Thumb Code     0  startup_stm32l073xx.o(.text)
    TIM21_IRQHandler                         0x080001bb   Thumb Code     0  startup_stm32l073xx.o(.text)
    TIM22_IRQHandler                         0x080001bb   Thumb Code     0  startup_stm32l073xx.o(.text)
    TIM2_IRQHandler                          0x080001bb   Thumb Code     0  startup_stm32l073xx.o(.text)
    TIM3_IRQHandler                          0x080001bb   Thumb Code     0  startup_stm32l073xx.o(.text)
    TSC_IRQHandler                           0x080001bb   Thumb Code     0  startup_stm32l073xx.o(.text)
    USART1_IRQHandler                        0x080001bb   Thumb Code     0  startup_stm32l073xx.o(.text)
    USART4_5_IRQHandler                      0x080001bb   Thumb Code     0  startup_stm32l073xx.o(.text)
    USB_IRQHandler                           0x080001bb   Thumb Code     0  startup_stm32l073xx.o(.text)
    WWDG_IRQHandler                          0x080001bb   Thumb Code     0  startup_stm32l073xx.o(.text)
    __user_initial_stackheap                 0x080001bd   Thumb Code     0  startup_stm32l073xx.o(.text)
    __aeabi_lmul                             0x080001e1   Thumb Code    48  llmul.o(.text)
    _ll_mul                                  0x080001e1   Thumb Code     0  llmul.o(.text)
    __aeabi_ldivmod                          0x08000211   Thumb Code   166  llsdiv.o(.text)
    _ll_sdiv                                 0x08000211   Thumb Code     0  llsdiv.o(.text)
    __aeabi_uldivmod                         0x080002b7   Thumb Code   272  lludiv.o(.text)
    _ll_udiv                                 0x080002b7   Thumb Code     0  lludiv.o(.text)
    __2sprintf                               0x080003c9   Thumb Code    36  noretval__2sprintf.o(.text)
    _printf_str                              0x080003f1   Thumb Code    82  _printf_str.o(.text)
    __printf                                 0x08000443   Thumb Code   270  __printf_wp.o(.text)
    strlen                                   0x08000551   Thumb Code    62  strlen.o(.text)
    __aeabi_memset4                          0x08000595   Thumb Code    18  aeabi_memset4.o(.text)
    __aeabi_memset8                          0x08000595   Thumb Code     0  aeabi_memset4.o(.text)
    _memset_w                                0x080005a7   Thumb Code    26  rt_memclr.o(.text)
    _memset                                  0x080005c1   Thumb Code    30  rt_memclr.o(.text)
    __aeabi_memclr                           0x080005df   Thumb Code     4  rt_memclr.o(.text)
    __rt_memclr                              0x080005df   Thumb Code     0  rt_memclr.o(.text)
    __aeabi_memclr4                          0x080005e3   Thumb Code     0  rt_memclr.o(.text)
    __aeabi_memclr8                          0x080005e3   Thumb Code     0  rt_memclr.o(.text)
    __rt_memclr_w                            0x080005e3   Thumb Code     4  rt_memclr.o(.text)
    __aeabi_uidivmod                         0x080005e9   Thumb Code    28  aeabi_sdivfast.o(.text)
    __aeabi_idivmod                          0x08000605   Thumb Code   472  aeabi_sdivfast.o(.text)
    __use_two_region_memory                  0x080007e1   Thumb Code     2  heapauxi.o(.text)
    __rt_heap_escrow$2region                 0x080007e3   Thumb Code     2  heapauxi.o(.text)
    __rt_heap_expand$2region                 0x080007e5   Thumb Code     2  heapauxi.o(.text)
    __aeabi_f2d                              0x080007e9   Thumb Code     0  f2d.o(.text)
    __extendsfdf2                            0x080007e9   Thumb Code     0  f2d.o(.text)
    _f2d                                     0x080007e9   Thumb Code    80  f2d.o(.text)
    __aeabi_fdiv                             0x0800083d   Thumb Code     0  fdiv.o(.text)
    __divsf3                                 0x0800083d   Thumb Code     0  fdiv.o(.text)
    _fdiv                                    0x0800083d   Thumb Code   334  fdiv.o(.text)
    _frdiv                                   0x0800098b   Thumb Code     8  fdiv.o(.text)
    __aeabi_i2f_normalise                    0x0800099d   Thumb Code    72  fflti.o(.text)
    __aeabi_i2f                              0x080009e5   Thumb Code    16  fflti.o(.text)
    _fflt                                    0x080009e5   Thumb Code     0  fflti.o(.text)
    __aeabi_ui2f                             0x080009f5   Thumb Code     6  fflti.o(.text)
    _ffltu                                   0x080009f5   Thumb Code     0  fflti.o(.text)
    _printf_fp_dec_real                      0x08000b99   Thumb Code   620  _printf_fp_dec.o(.text)
    _printf_char_common                      0x08000e1b   Thumb Code    32  _printf_char_common.o(.text)
    _sputc                                   0x08000e41   Thumb Code    10  _sputc.o(.text)
    _printf_cs_common                        0x08000e4b   Thumb Code    22  _printf_char.o(.text)
    _printf_char                             0x08000e61   Thumb Code    16  _printf_char.o(.text)
    _printf_string                           0x08000e71   Thumb Code     8  _printf_char.o(.text)
    __rt_locale                              0x08000e79   Thumb Code     8  rt_locale_intlibspace.o(.text)
    _ll_udiv10                               0x08000e81   Thumb Code   122  lludiv10.o(.text)
    _printf_fp_infnan                        0x08000efd   Thumb Code   120  _printf_fp_infnan.o(.text)
    _btod_etento                             0x08000f85   Thumb Code   210  bigflt0.o(.text)
    _btod_d2e                                0x0800105d   Thumb Code    64  btod.o(.text)
    _btod_emul                               0x08001491   Thumb Code    28  btod.o(.text)
    _btod_emuld                              0x080014ad   Thumb Code   144  btod.o(.text)
    _btod_ediv                               0x0800153d   Thumb Code    26  btod.o(.text)
    _btod_edivd                              0x08001557   Thumb Code   124  btod.o(.text)
    __rt_udiv10                              0x080015dd   Thumb Code    40  rtudiv10.o(.text)
    __fpl_fcmp_InfNaN                        0x08001605   Thumb Code    96  fcmpin.o(.text)
    __user_libspace                          0x08001669   Thumb Code     8  libspace.o(.text)
    __user_perproc_libspace                  0x08001669   Thumb Code     0  libspace.o(.text)
    __user_perthread_libspace                0x08001669   Thumb Code     0  libspace.o(.text)
    __user_setup_stackheap                   0x08001671   Thumb Code    62  sys_stackheap_outer.o(.text)
    exit                                     0x080016af   Thumb Code    16  exit.o(.text)
    strcmp                                   0x080016c1   Thumb Code   176  strcmpv6m.o(.text)
    __fpl_cmpreturn                          0x08001771   Thumb Code    46  cmpret.o(.text)
    __fpl_fcheck_NaN2                        0x080017a1   Thumb Code    10  fnan2.o(.text)
    __fpl_return_NaN                         0x080017b1   Thumb Code    94  retnan.o(.text)
    _sys_exit                                0x08001811   Thumb Code     8  sys_exit.o(.text)
    __I$use$semihosting                      0x0800181d   Thumb Code     0  use_no_semi.o(.text)
    __use_no_semihosting_swi                 0x0800181d   Thumb Code     2  use_no_semi.o(.text)
    HAL_DMA_Abort                            0x0800181f   Thumb Code    66  stm32l0xx_hal_dma.o(.text.HAL_DMA_Abort)
    __semihosting_library_function           0x0800181f   Thumb Code     0  indicate_semi.o(.text)
    HAL_DMA_Abort_IT                         0x08001861   Thumb Code    70  stm32l0xx_hal_dma.o(.text.HAL_DMA_Abort_IT)
    HAL_Delay                                0x080018a9   Thumb Code    32  stm32l0xx_hal.o(.text.HAL_Delay)
    HAL_GPIO_Init                            0x080018cd   Thumb Code   380  stm32l0xx_hal_gpio.o(.text.HAL_GPIO_Init)
    HAL_GetTick                              0x08001a59   Thumb Code     8  stm32l0xx_hal.o(.text.HAL_GetTick)
    HAL_I2CEx_ConfigAnalogFilter             0x08001a65   Thumb Code    66  stm32l0xx_hal_i2c_ex.o(.text.HAL_I2CEx_ConfigAnalogFilter)
    HAL_I2CEx_ConfigDigitalFilter            0x08001aa7   Thumb Code    66  stm32l0xx_hal_i2c_ex.o(.text.HAL_I2CEx_ConfigDigitalFilter)
    HAL_I2C_Init                             0x08001ae9   Thumb Code   160  stm32l0xx_hal_i2c.o(.text.HAL_I2C_Init)
    HAL_I2C_Mem_Read                         0x08001b91   Thumb Code   528  stm32l0xx_hal_i2c.o(.text.HAL_I2C_Mem_Read)
    HAL_I2C_Mem_Write                        0x08001da9   Thumb Code   524  stm32l0xx_hal_i2c.o(.text.HAL_I2C_Mem_Write)
    HAL_I2C_MspInit                          0x08001fcd   Thumb Code    88  stm32l0xx_hal_msp.o(.text.HAL_I2C_MspInit)
    HAL_IncTick                              0x08002031   Thumb Code    16  stm32l0xx_hal.o(.text.HAL_IncTick)
    HAL_Init                                 0x08002045   Thumb Code    36  stm32l0xx_hal.o(.text.HAL_Init)
    HAL_InitTick                             0x0800206d   Thumb Code    60  stm32l0xx_hal.o(.text.HAL_InitTick)
    HAL_MspInit                              0x080020b1   Thumb Code    40  stm32l0xx_hal_msp.o(.text.HAL_MspInit)
    HAL_NVIC_EnableIRQ                       0x080020dd   Thumb Code    20  stm32l0xx_hal_cortex.o(.text.HAL_NVIC_EnableIRQ)
    HAL_NVIC_SetPriority                     0x080020f5   Thumb Code    48  stm32l0xx_hal_cortex.o(.text.HAL_NVIC_SetPriority)
    HAL_PWR_PVDCallback                      0x0800212d   Thumb Code     2  stm32l0xx_hal_pwr.o(.text.HAL_PWR_PVDCallback)
    HAL_PWR_PVD_IRQHandler                   0x08002131   Thumb Code    24  stm32l0xx_hal_pwr.o(.text.HAL_PWR_PVD_IRQHandler)
    HAL_RCCEx_PeriphCLKConfig                0x0800214d   Thumb Code   560  stm32l0xx_hal_rcc_ex.o(.text.HAL_RCCEx_PeriphCLKConfig)
    HAL_RCC_ClockConfig                      0x08002385   Thumb Code   504  stm32l0xx_hal_rcc.o(.text.HAL_RCC_ClockConfig)
    HAL_RCC_GetPCLK1Freq                     0x0800258d   Thumb Code    20  stm32l0xx_hal_rcc.o(.text.HAL_RCC_GetPCLK1Freq)
    HAL_RCC_GetPCLK2Freq                     0x080025a1   Thumb Code    20  stm32l0xx_hal_rcc.o(.text.HAL_RCC_GetPCLK2Freq)
    HAL_RCC_GetSysClockFreq                  0x080025c1   Thumb Code   100  stm32l0xx_hal_rcc.o(.text.HAL_RCC_GetSysClockFreq)
    HAL_RCC_OscConfig                        0x08002635   Thumb Code  1376  stm32l0xx_hal_rcc.o(.text.HAL_RCC_OscConfig)
    HAL_SYSTICK_Config                       0x08002bbd   Thumb Code    40  stm32l0xx_hal_cortex.o(.text.HAL_SYSTICK_Config)
    HAL_TIMEx_MasterConfigSynchronization    0x08002bf1   Thumb Code    92  stm32l0xx_hal_tim_ex.o(.text.HAL_TIMEx_MasterConfigSynchronization)
    HAL_TIM_Base_Init                        0x08002c4d   Thumb Code   172  stm32l0xx_hal_tim.o(.text.HAL_TIM_Base_Init)
    HAL_TIM_Base_MspInit                     0x08002cf9   Thumb Code    52  stm32l0xx_hal_msp.o(.text.HAL_TIM_Base_MspInit)
    HAL_TIM_Base_Start_IT                    0x08002d31   Thumb Code    84  stm32l0xx_hal_tim.o(.text.HAL_TIM_Base_Start_IT)
    HAL_TIM_IC_CaptureCallback               0x08002d95   Thumb Code     2  stm32l0xx_hal_tim.o(.text.HAL_TIM_IC_CaptureCallback)
    HAL_TIM_IRQHandler                       0x08002d97   Thumb Code   278  stm32l0xx_hal_tim.o(.text.HAL_TIM_IRQHandler)
    HAL_TIM_OC_DelayElapsedCallback          0x08002ead   Thumb Code     2  stm32l0xx_hal_tim.o(.text.HAL_TIM_OC_DelayElapsedCallback)
    HAL_TIM_PWM_PulseFinishedCallback        0x08002eaf   Thumb Code     2  stm32l0xx_hal_tim.o(.text.HAL_TIM_PWM_PulseFinishedCallback)
    HAL_TIM_PeriodElapsedCallback            0x08002eb1   Thumb Code    28  main.o(.text.HAL_TIM_PeriodElapsedCallback)
    HAL_TIM_TriggerCallback                  0x08002ed9   Thumb Code     2  stm32l0xx_hal_tim.o(.text.HAL_TIM_TriggerCallback)
    HAL_UARTEx_RxEventCallback               0x08002edb   Thumb Code     2  stm32l0xx_hal_uart.o(.text.HAL_UARTEx_RxEventCallback)
    HAL_UARTEx_WakeupCallback                0x08002edd   Thumb Code     2  stm32l0xx_hal_uart_ex.o(.text.HAL_UARTEx_WakeupCallback)
    HAL_UART_ErrorCallback                   0x08002edf   Thumb Code     2  stm32l0xx_hal_uart.o(.text.HAL_UART_ErrorCallback)
    HAL_UART_IRQHandler                      0x08002ee1   Thumb Code   992  stm32l0xx_hal_uart.o(.text.HAL_UART_IRQHandler)
    HAL_UART_Init                            0x080032cd   Thumb Code   110  stm32l0xx_hal_uart.o(.text.HAL_UART_Init)
    HAL_UART_MspInit                         0x0800333d   Thumb Code   104  stm32l0xx_hal_msp.o(.text.HAL_UART_MspInit)
    HAL_UART_Transmit                        0x080033ad   Thumb Code   216  stm32l0xx_hal_uart.o(.text.HAL_UART_Transmit)
    HAL_UART_Transmit_IT                     0x08003489   Thumb Code   128  stm32l0xx_hal_uart.o(.text.HAL_UART_Transmit_IT)
    HAL_UART_TxCpltCallback                  0x08003511   Thumb Code     2  stm32l0xx_hal_uart.o(.text.HAL_UART_TxCpltCallback)
    HardFault_Handler                        0x08003513   Thumb Code     2  stm32l0xx_it.o(.text.HardFault_Handler)
    NMI_Handler                              0x08003891   Thumb Code     2  stm32l0xx_it.o(.text.NMI_Handler)
    PVD_IRQHandler                           0x08003893   Thumb Code     8  stm32l0xx_it.o(.text.PVD_IRQHandler)
    PendSV_Handler                           0x0800389b   Thumb Code     2  stm32l0xx_it.o(.text.PendSV_Handler)
    SVC_Handler                              0x0800389d   Thumb Code     2  stm32l0xx_it.o(.text.SVC_Handler)
    SysTick_Handler                          0x0800389f   Thumb Code     8  stm32l0xx_it.o(.text.SysTick_Handler)
    SystemClock_Config                       0x080038a9   Thumb Code   152  main.o(.text.SystemClock_Config)
    SystemInit                               0x08003945   Thumb Code     2  system_stm32l0xx.o(.text.SystemInit)
    TIM6_DAC_IRQHandler                      0x08003949   Thumb Code    12  stm32l0xx_it.o(.text.TIM6_DAC_IRQHandler)
    TIM7_IRQHandler                          0x08003959   Thumb Code    12  stm32l0xx_it.o(.text.TIM7_IRQHandler)
    UART_AdvFeatureConfig                    0x08003969   Thumb Code   210  stm32l0xx_hal_uart.o(.text.UART_AdvFeatureConfig)
    UART_CheckIdleState                      0x08003a3d   Thumb Code   204  stm32l0xx_hal_uart.o(.text.UART_CheckIdleState)
    UART_SetConfig                           0x08003b25   Thumb Code   484  stm32l0xx_hal_uart.o(.text.UART_SetConfig)
    UART_WaitOnFlagUntilTimeout              0x08003e09   Thumb Code   416  stm32l0xx_hal_uart.o(.text.UART_WaitOnFlagUntilTimeout)
    USART2_IRQHandler                        0x08003fa9   Thumb Code    12  stm32l0xx_it.o(.text.USART2_IRQHandler)
    bmp280_init                              0x08003fb9   Thumb Code   644  bmp280.o(.text.bmp280_init)
    bmp280_init_default_params               0x08004245   Thumb Code    18  bmp280.o(.text.bmp280_init_default_params)
    bmp280_read_fixed                        0x08004259   Thumb Code   596  bmp280.o(.text.bmp280_read_fixed)
    bmp280_read_float                        0x080044bd   Thumb Code    88  bmp280.o(.text.bmp280_read_float)
    main                                     0x08004519   Thumb Code  1056  main.o(.text.main)
    ssd1306_Fill                             0x08004b5d   Thumb Code    24  ssd1306.o(.text.ssd1306_Fill)
    ssd1306_Init                             0x08004b75   Thumb Code   960  ssd1306.o(.text.ssd1306_Init)
    ssd1306_SetCursor                        0x08004f39   Thumb Code     8  ssd1306.o(.text.ssd1306_SetCursor)
    ssd1306_UpdateScreen                     0x08004f45   Thumb Code   140  ssd1306.o(.text.ssd1306_UpdateScreen)
    ssd1306_WriteChar                        0x08004fd5   Thumb Code   912  ssd1306.o(.text.ssd1306_WriteChar)
    ssd1306_WriteString                      0x0800536d   Thumb Code    62  ssd1306.o(.text.ssd1306_WriteString)
    __aeabi_uidiv                            0x080053ab   Thumb Code    68  aeabi_sdivfast.o(.text_divfast)
    __aeabi_idiv                             0x080053ef   Thumb Code   434  aeabi_sdivfast.o(.text_divfast)
    __ARM_common_ll_muluu                    0x080055a1   Thumb Code    48  btod.o(i.__ARM_common_ll_muluu)
    __ARM_fpclassify                         0x080055d1   Thumb Code    40  fpclassify.o(i.__ARM_fpclassify)
    __aeabi_fcmpge                           0x080055fd   Thumb Code     0  fcmp.o(i._fgeq)
    _fgeq                                    0x080055fd   Thumb Code    22  fcmp.o(i._fgeq)
    __aeabi_fcmpgt                           0x08005613   Thumb Code     0  fcmp.o(i._fgr)
    _fgr                                     0x08005613   Thumb Code    22  fcmp.o(i._fgr)
    __aeabi_fcmple                           0x08005629   Thumb Code     0  fcmp.o(i._fleq)
    _fleq                                    0x08005629   Thumb Code    26  fcmp.o(i._fleq)
    __aeabi_fcmplt                           0x08005643   Thumb Code     0  fcmp.o(i._fls)
    _fls                                     0x08005643   Thumb Code    22  fcmp.o(i._fls)
    _is_digit                                0x08005659   Thumb Code    14  __printf_wp.o(i._is_digit)
    _get_lc_numeric                          0x08005669   Thumb Code    44  lc_numeric_c.o(locale$$code)
    __aeabi_fadd                             0x08005695   Thumb Code     0  faddsub.o(x$fpl$fadd)
    _fadd                                    0x08005695   Thumb Code   134  faddsub.o(x$fpl$fadd)
    _fcmpge                                  0x08005721   Thumb Code    78  fgef.o(x$fpl$fgeqf)
    __aeabi_cfcmple                          0x08005775   Thumb Code     0  flef.o(x$fpl$fleqf)
    _fcmple                                  0x08005775   Thumb Code    78  flef.o(x$fpl$fleqf)
    __aeabi_fmul                             0x080057c9   Thumb Code     0  fmul.o(x$fpl$fmul)
    _fmul                                    0x080057c9   Thumb Code   172  fmul.o(x$fpl$fmul)
    __aeabi_fsub                             0x08005879   Thumb Code     0  faddsub.o(x$fpl$fsub)
    _fsub                                    0x08005879   Thumb Code   204  faddsub.o(x$fpl$fsub)
    _printf_fp_dec                           0x08005949   Thumb Code    16  printf1.o(x$fpl$printf1)
    __I$use$fp                               0x08005958   Number         0  usenofp.o(x$fpl$usenofp)
    AHBPrescTable                            0x08005a2c   Data          16  system_stm32l0xx.o(.rodata.AHBPrescTable)
    APBPrescTable                            0x08005a3c   Data           8  system_stm32l0xx.o(.rodata.APBPrescTable)
    PLLMulTable                              0x080061b0   Data           9  system_stm32l0xx.o(.rodata.PLLMulTable)
    Region$$Table$$Base                      0x08006210   Number         0  anon$$obj.o(Region$$Table)
    Region$$Table$$Limit                     0x08006230   Number         0  anon$$obj.o(Region$$Table)
    slegis_min_uart                          0x20000000   Data           4  main.o(.data..L_MergedGlobals)
    slegis_min_ekranas                       0x20000004   Data           4  main.o(.data..L_MergedGlobals)
    uwTickFreq                               0x20000008   Data           1  stm32l0xx_hal.o(.data..L_MergedGlobals)
    uwTickPrio                               0x2000000c   Data           4  stm32l0xx_hal.o(.data..L_MergedGlobals)
    Font_7x10                                0x20000010   Data           8  fonts.o(.data.Font_7x10)
    SystemCoreClock                          0x20000018   Data           4  system_stm32l0xx.o(.data.SystemCoreClock)
    __libspace_start                         0x20000020   Data          96  libspace.o(.bss)
    __temporary_stack_top$libspace           0x20000080   Data           0  libspace.o(.bss)
    ekrano_atnaujinimas                      0x20000088   Data           1  main.o(.bss..L_MergedGlobals.9)
    uart_siuntimas                           0x20000089   Data           1  main.o(.bss..L_MergedGlobals.9)
    isilimas_baigtas                         0x2000008a   Data           1  main.o(.bss..L_MergedGlobals.9)
    slegis_filtruotas                        0x2000008c   Data           4  main.o(.bss..L_MergedGlobals.9)
    slegis_jutiklio                          0x20000090   Data           4  main.o(.bss..L_MergedGlobals.9)
    slegis_max_uart                          0x20000094   Data           4  main.o(.bss..L_MergedGlobals.9)
    slegis_max_ekranas                       0x20000098   Data           4  main.o(.bss..L_MergedGlobals.9)
    paskutinis_matavimas                     0x2000009c   Data           4  main.o(.bss..L_MergedGlobals.9)
    bmp280_params                            0x200000a0   Data           6  main.o(.bss..L_MergedGlobals.9)
    bmp280                                   0x200000a8   Data          52  main.o(.bss..L_MergedGlobals.9)
    hi2c1                                    0x200004dc   Data          84  main.o(.bss.hi2c1)
    htim6                                    0x20000530   Data          64  main.o(.bss.htim6)
    htim7                                    0x20000570   Data          64  main.o(.bss.htim7)
    huart2                                   0x200005b0   Data         136  main.o(.bss.huart2)
    uwTick                                   0x20000638   Data           4  stm32l0xx_hal.o(.bss.uwTick)



==============================================================================

Memory Map of the image

  Image Entry point : 0x080000c1

  Load Region LR_IROM1 (Base: 0x08000000, Size: 0x00006270, Max: 0x00030000, ABSOLUTE)

    Execution Region ER_IROM1 (Exec base: 0x08000000, Load base: 0x08000000, Size: 0x0000624c, Max: 0x00030000, ABSOLUTE)

    Exec Addr    Load Addr    Size         Type   Attr      Idx    E Section Name        Object

    0x08000000   0x08000000   0x000000c0   Data   RO            3    RESET               startup_stm32l073xx.o
    0x080000c0   0x080000c0   0x00000008   Code   RO         1221  * !!!main             c_p.l(__main.o)
    0x080000c8   0x080000c8   0x00000054   Code   RO         1504    !!!scatter          c_p.l(__scatter.o)
    0x0800011c   0x0800011c   0x0000001a   Code   RO         1508    !!handler_copy      c_p.l(__scatter_copy.o)
    0x08000136   0x08000136   0x00000002   PAD
    0x08000138   0x08000138   0x00000002   Code   RO         1505    !!handler_null      c_p.l(__scatter.o)
    0x0800013a   0x0800013a   0x00000002   PAD
    0x0800013c   0x0800013c   0x0000001c   Code   RO         1510    !!handler_zi        c_p.l(__scatter_zi.o)
    0x08000158   0x08000158   0x00000002   Code   RO         1204    .ARM.Collect$$_printf_percent$$00000000  c_p.l(_printf_percent.o)
    0x0800015a   0x0800015a   0x0000000a   Code   RO         1203    .ARM.Collect$$_printf_percent$$00000003  c_p.l(_printf_f.o)
    0x08000164   0x08000164   0x0000000a   Code   RO         1202    .ARM.Collect$$_printf_percent$$00000014  c_p.l(_printf_s.o)
    0x0800016e   0x0800016e   0x00000004   Code   RO         1283    .ARM.Collect$$_printf_percent$$00000017  c_p.l(_printf_percent_end.o)
    0x08000172   0x08000172   0x00000002   Code   RO         1360    .ARM.Collect$$libinit$$00000000  c_p.l(libinit.o)
    0x08000174   0x08000174   0x00000000   Code   RO         1362    .ARM.Collect$$libinit$$00000002  c_p.l(libinit2.o)
    0x08000174   0x08000174   0x00000000   Code   RO         1364    .ARM.Collect$$libinit$$00000004  c_p.l(libinit2.o)
    0x08000174   0x08000174   0x00000000   Code   RO         1366    .ARM.Collect$$libinit$$00000006  c_p.l(libinit2.o)
    0x08000174   0x08000174   0x00000000   Code   RO         1369    .ARM.Collect$$libinit$$0000000C  c_p.l(libinit2.o)
    0x08000174   0x08000174   0x00000000   Code   RO         1371    .ARM.Collect$$libinit$$0000000E  c_p.l(libinit2.o)
    0x08000174   0x08000174   0x00000000   Code   RO         1373    .ARM.Collect$$libinit$$00000010  c_p.l(libinit2.o)
    0x08000174   0x08000174   0x00000006   Code   RO         1374    .ARM.Collect$$libinit$$00000011  c_p.l(libinit2.o)
    0x0800017a   0x0800017a   0x00000000   Code   RO         1376    .ARM.Collect$$libinit$$00000013  c_p.l(libinit2.o)
    0x0800017a   0x0800017a   0x00000000   Code   RO         1378    .ARM.Collect$$libinit$$00000015  c_p.l(libinit2.o)
    0x0800017a   0x0800017a   0x00000000   Code   RO         1380    .ARM.Collect$$libinit$$00000017  c_p.l(libinit2.o)
    0x0800017a   0x0800017a   0x0000000a   Code   RO         1381    .ARM.Collect$$libinit$$00000018  c_p.l(libinit2.o)
    0x08000184   0x08000184   0x00000000   Code   RO         1382    .ARM.Collect$$libinit$$00000019  c_p.l(libinit2.o)
    0x08000184   0x08000184   0x00000000   Code   RO         1384    .ARM.Collect$$libinit$$0000001B  c_p.l(libinit2.o)
    0x08000184   0x08000184   0x00000000   Code   RO         1386    .ARM.Collect$$libinit$$0000001D  c_p.l(libinit2.o)
    0x08000184   0x08000184   0x00000000   Code   RO         1388    .ARM.Collect$$libinit$$0000001F  c_p.l(libinit2.o)
    0x08000184   0x08000184   0x00000000   Code   RO         1390    .ARM.Collect$$libinit$$00000021  c_p.l(libinit2.o)
    0x08000184   0x08000184   0x00000000   Code   RO         1392    .ARM.Collect$$libinit$$00000023  c_p.l(libinit2.o)
    0x08000184   0x08000184   0x00000000   Code   RO         1394    .ARM.Collect$$libinit$$00000025  c_p.l(libinit2.o)
    0x08000184   0x08000184   0x00000000   Code   RO         1396    .ARM.Collect$$libinit$$00000027  c_p.l(libinit2.o)
    0x08000184   0x08000184   0x00000000   Code   RO         1400    .ARM.Collect$$libinit$$0000002E  c_p.l(libinit2.o)
    0x08000184   0x08000184   0x00000000   Code   RO         1402    .ARM.Collect$$libinit$$00000030  c_p.l(libinit2.o)
    0x08000184   0x08000184   0x00000000   Code   RO         1404    .ARM.Collect$$libinit$$00000032  c_p.l(libinit2.o)
    0x08000184   0x08000184   0x00000000   Code   RO         1406    .ARM.Collect$$libinit$$00000034  c_p.l(libinit2.o)
    0x08000184   0x08000184   0x00000002   Code   RO         1407    .ARM.Collect$$libinit$$00000035  c_p.l(libinit2.o)
    0x08000186   0x08000186   0x00000002   Code   RO         1469    .ARM.Collect$$libshutdown$$00000000  c_p.l(libshutdown.o)
    0x08000188   0x08000188   0x00000000   Code   RO         1487    .ARM.Collect$$libshutdown$$00000002  c_p.l(libshutdown2.o)
    0x08000188   0x08000188   0x00000000   Code   RO         1489    .ARM.Collect$$libshutdown$$00000004  c_p.l(libshutdown2.o)
    0x08000188   0x08000188   0x00000000   Code   RO         1492    .ARM.Collect$$libshutdown$$00000007  c_p.l(libshutdown2.o)
    0x08000188   0x08000188   0x00000000   Code   RO         1495    .ARM.Collect$$libshutdown$$0000000A  c_p.l(libshutdown2.o)
    0x08000188   0x08000188   0x00000000   Code   RO         1497    .ARM.Collect$$libshutdown$$0000000C  c_p.l(libshutdown2.o)
    0x08000188   0x08000188   0x00000000   Code   RO         1500    .ARM.Collect$$libshutdown$$0000000F  c_p.l(libshutdown2.o)
    0x08000188   0x08000188   0x00000002   Code   RO         1501    .ARM.Collect$$libshutdown$$00000010  c_p.l(libshutdown2.o)
    0x0800018a   0x0800018a   0x00000000   Code   RO         1264    .ARM.Collect$$rtentry$$00000000  c_p.l(__rtentry.o)
    0x0800018a   0x0800018a   0x00000000   Code   RO         1292    .ARM.Collect$$rtentry$$00000002  c_p.l(__rtentry2.o)
    0x0800018a   0x0800018a   0x00000006   Code   RO         1304    .ARM.Collect$$rtentry$$00000004  c_p.l(__rtentry4.o)
    0x08000190   0x08000190   0x00000000   Code   RO         1294    .ARM.Collect$$rtentry$$00000009  c_p.l(__rtentry2.o)
    0x08000190   0x08000190   0x00000004   Code   RO         1295    .ARM.Collect$$rtentry$$0000000A  c_p.l(__rtentry2.o)
    0x08000194   0x08000194   0x00000000   Code   RO         1297    .ARM.Collect$$rtentry$$0000000C  c_p.l(__rtentry2.o)
    0x08000194   0x08000194   0x00000008   Code   RO         1298    .ARM.Collect$$rtentry$$0000000D  c_p.l(__rtentry2.o)
    0x0800019c   0x0800019c   0x00000002   Code   RO         1413    .ARM.Collect$$rtexit$$00000000  c_p.l(rtexit.o)
    0x0800019e   0x0800019e   0x00000000   Code   RO         1434    .ARM.Collect$$rtexit$$00000002  c_p.l(rtexit2.o)
    0x0800019e   0x0800019e   0x00000004   Code   RO         1435    .ARM.Collect$$rtexit$$00000003  c_p.l(rtexit2.o)
    0x080001a2   0x080001a2   0x00000006   Code   RO         1436    .ARM.Collect$$rtexit$$00000004  c_p.l(rtexit2.o)
    0x080001a8   0x080001a8   0x00000038   Code   RO            4    .text               startup_stm32l073xx.o
    0x080001e0   0x080001e0   0x00000030   Code   RO         1168    .text               c_p.l(llmul.o)
    0x08000210   0x08000210   0x000000a6   Code   RO         1170    .text               c_p.l(llsdiv.o)
    0x080002b6   0x080002b6   0x00000110   Code   RO         1172    .text               c_p.l(lludiv.o)
    0x080003c6   0x080003c6   0x00000002   PAD
    0x080003c8   0x080003c8   0x00000028   Code   RO         1176    .text               c_p.l(noretval__2sprintf.o)
    0x080003f0   0x080003f0   0x00000052   Code   RO         1180    .text               c_p.l(_printf_str.o)
    0x08000442   0x08000442   0x0000010e   Code   RO         1190    .text               c_p.l(__printf_wp.o)
    0x08000550   0x08000550   0x00000044   Code   RO         1205    .text               c_p.l(strlen.o)
    0x08000594   0x08000594   0x00000012   Code   RO         1207    .text               c_p.l(aeabi_memset4.o)
    0x080005a6   0x080005a6   0x00000040   Code   RO         1209    .text               c_p.l(rt_memclr.o)
    0x080005e6   0x080005e6   0x00000002   PAD
    0x080005e8   0x080005e8   0x000001f8   Code   RO         1211    .text               c_p.l(aeabi_sdivfast.o)
    0x080007e0   0x080007e0   0x00000006   Code   RO         1219    .text               c_p.l(heapauxi.o)
    0x080007e6   0x080007e6   0x00000002   PAD
    0x080007e8   0x080007e8   0x00000054   Code   RO         1223    .text               fz_ps.l(f2d.o)
    0x0800083c   0x0800083c   0x00000160   Code   RO         1255    .text               fz_ps.l(fdiv.o)
    0x0800099c   0x0800099c   0x0000005e   Code   RO         1258    .text               fz_ps.l(fflti.o)
    0x080009fa   0x080009fa   0x00000002   PAD
    0x080009fc   0x080009fc   0x00000414   Code   RO         1273    .text               c_p.l(_printf_fp_dec.o)
    0x08000e10   0x08000e10   0x00000030   Code   RO         1277    .text               c_p.l(_printf_char_common.o)
    0x08000e40   0x08000e40   0x0000000a   Code   RO         1279    .text               c_p.l(_sputc.o)
    0x08000e4a   0x08000e4a   0x0000002e   Code   RO         1281    .text               c_p.l(_printf_char.o)
    0x08000e78   0x08000e78   0x00000008   Code   RO         1311    .text               c_p.l(rt_locale_intlibspace.o)
    0x08000e80   0x08000e80   0x0000007a   Code   RO         1313    .text               c_p.l(lludiv10.o)
    0x08000efa   0x08000efa   0x00000002   PAD
    0x08000efc   0x08000efc   0x00000088   Code   RO         1315    .text               c_p.l(_printf_fp_infnan.o)
    0x08000f84   0x08000f84   0x000000d8   Code   RO         1319    .text               c_p.l(bigflt0.o)
    0x0800105c   0x0800105c   0x00000580   Code   RO         1322    .text               c_p.l(btod.o)
    0x080015dc   0x080015dc   0x00000028   Code   RO         1331    .text               c_p.l(rtudiv10.o)
    0x08001604   0x08001604   0x00000064   Code   RO         1333    .text               fz_ps.l(fcmpin.o)
    0x08001668   0x08001668   0x00000008   Code   RO         1339    .text               c_p.l(libspace.o)
    0x08001670   0x08001670   0x0000003e   Code   RO         1342    .text               c_p.l(sys_stackheap_outer.o)
    0x080016ae   0x080016ae   0x00000010   Code   RO         1347    .text               c_p.l(exit.o)
    0x080016be   0x080016be   0x00000002   PAD
    0x080016c0   0x080016c0   0x000000b0   Code   RO         1353    .text               c_p.l(strcmpv6m.o)
    0x08001770   0x08001770   0x0000002e   Code   RO         1408    .text               fz_ps.l(cmpret.o)
    0x0800179e   0x0800179e   0x00000002   PAD
    0x080017a0   0x080017a0   0x00000010   Code   RO         1410    .text               fz_ps.l(fnan2.o)
    0x080017b0   0x080017b0   0x0000005e   Code   RO         1427    .text               fz_ps.l(retnan.o)
    0x0800180e   0x0800180e   0x00000002   PAD
    0x08001810   0x08001810   0x0000000c   Code   RO         1429    .text               c_p.l(sys_exit.o)
    0x0800181c   0x0800181c   0x00000002   Code   RO         1456    .text               c_p.l(use_no_semi.o)
    0x0800181e   0x0800181e   0x00000000   Code   RO         1458    .text               c_p.l(indicate_semi.o)
    0x0800181e   0x0800181e   0x00000042   Code   RO          601    .text.HAL_DMA_Abort  stm32l0xx_hal_dma.o
    0x08001860   0x08001860   0x00000046   Code   RO          603    .text.HAL_DMA_Abort_IT  stm32l0xx_hal_dma.o
    0x080018a6   0x080018a6   0x00000002   PAD
    0x080018a8   0x080018a8   0x00000024   Code   RO          340    .text.HAL_Delay     stm32l0xx_hal.o
    0x080018cc   0x080018cc   0x0000018c   Code   RO          569    .text.HAL_GPIO_Init  stm32l0xx_hal_gpio.o
    0x08001a58   0x08001a58   0x0000000c   Code   RO          332    .text.HAL_GetTick   stm32l0xx_hal.o
    0x08001a64   0x08001a64   0x00000042   Code   RO          300    .text.HAL_I2CEx_ConfigAnalogFilter  stm32l0xx_hal_i2c_ex.o
    0x08001aa6   0x08001aa6   0x00000042   Code   RO          302    .text.HAL_I2CEx_ConfigDigitalFilter  stm32l0xx_hal_i2c_ex.o
    0x08001ae8   0x08001ae8   0x000000a8   Code   RO          146    .text.HAL_I2C_Init  stm32l0xx_hal_i2c.o
    0x08001b90   0x08001b90   0x00000218   Code   RO          208    .text.HAL_I2C_Mem_Read  stm32l0xx_hal_i2c.o
    0x08001da8   0x08001da8   0x00000224   Code   RO          206    .text.HAL_I2C_Mem_Write  stm32l0xx_hal_i2c.o
    0x08001fcc   0x08001fcc   0x00000064   Code   RO           65    .text.HAL_I2C_MspInit  stm32l0xx_hal_msp.o
    0x08002030   0x08002030   0x00000014   Code   RO          330    .text.HAL_IncTick   stm32l0xx_hal.o
    0x08002044   0x08002044   0x00000028   Code   RO          320    .text.HAL_Init      stm32l0xx_hal.o
    0x0800206c   0x0800206c   0x00000044   Code   RO          322    .text.HAL_InitTick  stm32l0xx_hal.o
    0x080020b0   0x080020b0   0x0000002c   Code   RO           63    .text.HAL_MspInit   stm32l0xx_hal_msp.o
    0x080020dc   0x080020dc   0x00000018   Code   RO          691    .text.HAL_NVIC_EnableIRQ  stm32l0xx_hal_cortex.o
    0x080020f4   0x080020f4   0x00000038   Code   RO          689    .text.HAL_NVIC_SetPriority  stm32l0xx_hal_cortex.o
    0x0800212c   0x0800212c   0x00000002   Code   RO          657    .text.HAL_PWR_PVDCallback  stm32l0xx_hal_pwr.o
    0x0800212e   0x0800212e   0x00000002   PAD
    0x08002130   0x08002130   0x0000001c   Code   RO          655    .text.HAL_PWR_PVD_IRQHandler  stm32l0xx_hal_pwr.o
    0x0800214c   0x0800214c   0x00000238   Code   RO          426    .text.HAL_RCCEx_PeriphCLKConfig  stm32l0xx_hal_rcc_ex.o
    0x08002384   0x08002384   0x00000208   Code   RO          398    .text.HAL_RCC_ClockConfig  stm32l0xx_hal_rcc.o
    0x0800258c   0x0800258c   0x00000014   Code   RO          406    .text.HAL_RCC_GetPCLK1Freq  stm32l0xx_hal_rcc.o
    0x080025a0   0x080025a0   0x00000020   Code   RO          408    .text.HAL_RCC_GetPCLK2Freq  stm32l0xx_hal_rcc.o
    0x080025c0   0x080025c0   0x00000074   Code   RO          396    .text.HAL_RCC_GetSysClockFreq  stm32l0xx_hal_rcc.o
    0x08002634   0x08002634   0x00000588   Code   RO          394    .text.HAL_RCC_OscConfig  stm32l0xx_hal_rcc.o
    0x08002bbc   0x08002bbc   0x00000034   Code   RO          697    .text.HAL_SYSTICK_Config  stm32l0xx_hal_cortex.o
    0x08002bf0   0x08002bf0   0x0000005c   Code   RO          972    .text.HAL_TIMEx_MasterConfigSynchronization  stm32l0xx_hal_tim_ex.o
    0x08002c4c   0x08002c4c   0x000000ac   Code   RO          753    .text.HAL_TIM_Base_Init  stm32l0xx_hal_tim.o
    0x08002cf8   0x08002cf8   0x00000038   Code   RO           69    .text.HAL_TIM_Base_MspInit  stm32l0xx_hal_msp.o
    0x08002d30   0x08002d30   0x00000064   Code   RO          765    .text.HAL_TIM_Base_Start_IT  stm32l0xx_hal_tim.o
    0x08002d94   0x08002d94   0x00000002   Code   RO          885    .text.HAL_TIM_IC_CaptureCallback  stm32l0xx_hal_tim.o
    0x08002d96   0x08002d96   0x00000116   Code   RO          883    .text.HAL_TIM_IRQHandler  stm32l0xx_hal_tim.o
    0x08002eac   0x08002eac   0x00000002   Code   RO          887    .text.HAL_TIM_OC_DelayElapsedCallback  stm32l0xx_hal_tim.o
    0x08002eae   0x08002eae   0x00000002   Code   RO          889    .text.HAL_TIM_PWM_PulseFinishedCallback  stm32l0xx_hal_tim.o
    0x08002eb0   0x08002eb0   0x00000028   Code   RO           17    .text.HAL_TIM_PeriodElapsedCallback  main.o
    0x08002ed8   0x08002ed8   0x00000002   Code   RO          893    .text.HAL_TIM_TriggerCallback  stm32l0xx_hal_tim.o
    0x08002eda   0x08002eda   0x00000002   Code   RO         1070    .text.HAL_UARTEx_RxEventCallback  stm32l0xx_hal_uart.o
    0x08002edc   0x08002edc   0x00000002   Code   RO         1121    .text.HAL_UARTEx_WakeupCallback  stm32l0xx_hal_uart_ex.o
    0x08002ede   0x08002ede   0x00000002   Code   RO         1068    .text.HAL_UART_ErrorCallback  stm32l0xx_hal_uart.o
    0x08002ee0   0x08002ee0   0x000003ec   Code   RO         1064    .text.HAL_UART_IRQHandler  stm32l0xx_hal_uart.o
    0x080032cc   0x080032cc   0x0000006e   Code   RO          984    .text.HAL_UART_Init  stm32l0xx_hal_uart.o
    0x0800333a   0x0800333a   0x00000002   PAD
    0x0800333c   0x0800333c   0x00000070   Code   RO           73    .text.HAL_UART_MspInit  stm32l0xx_hal_msp.o
    0x080033ac   0x080033ac   0x000000dc   Code   RO         1004    .text.HAL_UART_Transmit  stm32l0xx_hal_uart.o
    0x08003488   0x08003488   0x00000088   Code   RO         1010    .text.HAL_UART_Transmit_IT  stm32l0xx_hal_uart.o
    0x08003510   0x08003510   0x00000002   Code   RO         1072    .text.HAL_UART_TxCpltCallback  stm32l0xx_hal_uart.o
    0x08003512   0x08003512   0x00000002   Code   RO           40    .text.HardFault_Handler  stm32l0xx_it.o
    0x08003514   0x08003514   0x0000017c   Code   RO          290    .text.I2C_IsErrorOccurred  stm32l0xx_hal_i2c.o
    0x08003690   0x08003690   0x000000d4   Code   RO          156    .text.I2C_WaitOnFlagUntilTimeout  stm32l0xx_hal_i2c.o
    0x08003764   0x08003764   0x00000086   Code   RO          160    .text.I2C_WaitOnSTOPFlagUntilTimeout  stm32l0xx_hal_i2c.o
    0x080037ea   0x080037ea   0x000000a6   Code   RO          158    .text.I2C_WaitOnTXISFlagUntilTimeout  stm32l0xx_hal_i2c.o
    0x08003890   0x08003890   0x00000002   Code   RO           38    .text.NMI_Handler   stm32l0xx_it.o
    0x08003892   0x08003892   0x00000008   Code   RO           48    .text.PVD_IRQHandler  stm32l0xx_it.o
    0x0800389a   0x0800389a   0x00000002   Code   RO           44    .text.PendSV_Handler  stm32l0xx_it.o
    0x0800389c   0x0800389c   0x00000002   Code   RO           42    .text.SVC_Handler   stm32l0xx_it.o
    0x0800389e   0x0800389e   0x00000008   Code   RO           46    .text.SysTick_Handler  stm32l0xx_it.o
    0x080038a6   0x080038a6   0x00000002   PAD
    0x080038a8   0x080038a8   0x0000009c   Code   RO           15    .text.SystemClock_Config  main.o
    0x08003944   0x08003944   0x00000002   Code   RO         1151    .text.SystemInit    system_stm32l0xx.o
    0x08003946   0x08003946   0x00000002   PAD
    0x08003948   0x08003948   0x00000010   Code   RO           50    .text.TIM6_DAC_IRQHandler  stm32l0xx_it.o
    0x08003958   0x08003958   0x00000010   Code   RO           52    .text.TIM7_IRQHandler  stm32l0xx_it.o
    0x08003968   0x08003968   0x000000d2   Code   RO          990    .text.UART_AdvFeatureConfig  stm32l0xx_hal_uart.o
    0x08003a3a   0x08003a3a   0x00000002   PAD
    0x08003a3c   0x08003a3c   0x000000d0   Code   RO          992    .text.UART_CheckIdleState  stm32l0xx_hal_uart.o
    0x08003b0c   0x08003b0c   0x00000016   Code   RO         1066    .text.UART_DMAAbortOnError  stm32l0xx_hal_uart.o
    0x08003b22   0x08003b22   0x00000002   PAD
    0x08003b24   0x08003b24   0x0000022c   Code   RO          988    .text.UART_SetConfig  stm32l0xx_hal_uart.o
    0x08003d50   0x08003d50   0x00000060   Code   RO         1012    .text.UART_TxISR_16BIT  stm32l0xx_hal_uart.o
    0x08003db0   0x08003db0   0x00000058   Code   RO         1014    .text.UART_TxISR_8BIT  stm32l0xx_hal_uart.o
    0x08003e08   0x08003e08   0x000001a0   Code   RO         1006    .text.UART_WaitOnFlagUntilTimeout  stm32l0xx_hal_uart.o
    0x08003fa8   0x08003fa8   0x00000010   Code   RO           54    .text.USART2_IRQHandler  stm32l0xx_it.o
    0x08003fb8   0x08003fb8   0x0000028c   Code   RO          113    .text.bmp280_init   bmp280.o
    0x08004244   0x08004244   0x00000012   Code   RO          111    .text.bmp280_init_default_params  bmp280.o
    0x08004256   0x08004256   0x00000002   PAD
    0x08004258   0x08004258   0x00000264   Code   RO          121    .text.bmp280_read_fixed  bmp280.o
    0x080044bc   0x080044bc   0x0000005c   Code   RO          123    .text.bmp280_read_float  bmp280.o
    0x08004518   0x08004518   0x0000050c   Code   RO           13    .text.main          main.o
    0x08004a24   0x08004a24   0x00000100   Code   RO          115    .text.read_hum_calibration_data  bmp280.o
    0x08004b24   0x08004b24   0x00000038   Code   RO          125    .text.read_register16  bmp280.o
    0x08004b5c   0x08004b5c   0x00000018   Code   RO           87    .text.ssd1306_Fill  ssd1306.o
    0x08004b74   0x08004b74   0x000003c4   Code   RO           85    .text.ssd1306_Init  ssd1306.o
    0x08004f38   0x08004f38   0x0000000c   Code   RO           99    .text.ssd1306_SetCursor  ssd1306.o
    0x08004f44   0x08004f44   0x00000090   Code   RO           89    .text.ssd1306_UpdateScreen  ssd1306.o
    0x08004fd4   0x08004fd4   0x00000398   Code   RO           93    .text.ssd1306_WriteChar  ssd1306.o
    0x0800536c   0x0800536c   0x0000003e   Code   RO           95    .text.ssd1306_WriteString  ssd1306.o
    0x080053aa   0x080053aa   0x000001f6   Code   RO         1212    .text_divfast       c_p.l(aeabi_sdivfast.o)
    0x080055a0   0x080055a0   0x00000030   Code   RO         1324    i.__ARM_common_ll_muluu  c_p.l(btod.o)
    0x080055d0   0x080055d0   0x0000002c   Code   RO         1337    i.__ARM_fpclassify  m_ps.l(fpclassify.o)
    0x080055fc   0x080055fc   0x00000016   Code   RO         1238    i._fgeq             fz_ps.l(fcmp.o)
    0x08005612   0x08005612   0x00000016   Code   RO         1239    i._fgr              fz_ps.l(fcmp.o)
    0x08005628   0x08005628   0x0000001a   Code   RO         1240    i._fleq             fz_ps.l(fcmp.o)
    0x08005642   0x08005642   0x00000016   Code   RO         1241    i._fls              fz_ps.l(fcmp.o)
    0x08005658   0x08005658   0x0000000e   Code   RO         1192    i._is_digit         c_p.l(__printf_wp.o)
    0x08005666   0x08005666   0x00000002   PAD
    0x08005668   0x08005668   0x0000002c   Code   RO         1329    locale$$code        c_p.l(lc_numeric_c.o)
    0x08005694   0x08005694   0x0000008c   Code   RO         1225    x$fpl$fadd          fz_ps.l(faddsub.o)
    0x08005720   0x08005720   0x00000054   Code   RO         1286    x$fpl$fgeqf         fz_ps.l(fgef.o)
    0x08005774   0x08005774   0x00000054   Code   RO         1288    x$fpl$fleqf         fz_ps.l(flef.o)
    0x080057c8   0x080057c8   0x000000b0   Code   RO         1260    x$fpl$fmul          fz_ps.l(fmul.o)
    0x08005878   0x08005878   0x000000d0   Code   RO         1227    x$fpl$fsub          fz_ps.l(faddsub.o)
    0x08005948   0x08005948   0x00000010   Code   RO         1262    x$fpl$printf1       fz_ps.l(printf1.o)
    0x08005958   0x08005958   0x00000000   Code   RO         1290    x$fpl$usenofp       fz_ps.l(usenofp.o)
    0x08005958   0x08005958   0x00000040   Data   RO         1256    .constdata          fz_ps.l(fdiv.o)
    0x08005998   0x08005998   0x00000094   Data   RO         1320    .constdata          c_p.l(bigflt0.o)
    0x08005a2c   0x08005a2c   0x00000010   Data   RO         1156    .rodata.AHBPrescTable  system_stm32l0xx.o
    0x08005a3c   0x08005a3c   0x00000008   Data   RO         1157    .rodata.APBPrescTable  system_stm32l0xx.o
    0x08005a44   0x08005a44   0x0000076c   Data   RO          135    .rodata.Font7x10    fonts.o
    0x080061b0   0x080061b0   0x00000009   Data   RO         1158    .rodata.PLLMulTable  system_stm32l0xx.o
    0x080061b9   0x080061b9   0x00000003   PAD
    0x080061bc   0x080061bc   0x00000010   Data   RO         1110    .rodata.cst16       stm32l0xx_hal_uart.o
    0x080061cc   0x080061cc   0x00000028   Data   RO           26    .rodata.str1.1      main.o
    0x080061f4   0x080061f4   0x00000019   Data   RO           25    .rodata.str1.4      main.o
    0x0800620d   0x0800620d   0x00000003   PAD
    0x08006210   0x08006210   0x00000020   Data   RO         1503    Region$$Table       anon$$obj.o
    0x08006230   0x08006230   0x0000001c   Data   RO         1328    locale$$data        c_p.l(lc_numeric_c.o)


    Execution Region RW_IRAM1 (Exec base: 0x20000000, Load base: 0x08006250, Size: 0x00000c40, Max: 0x00005000, ABSOLUTE)

    Exec Addr    Load Addr    Size         Type   Attr      Idx    E Section Name        Object

    0x20000000   0x08006250   0x00000008   Data   RW           28    .data..L_MergedGlobals  main.o
    0x20000008   0x08006258   0x00000008   Data   RW          383    .data..L_MergedGlobals  stm32l0xx_hal.o
    0x20000010   0x08006260   0x00000008   Data   RW          136    .data.Font_7x10     fonts.o
    0x20000018   0x08006268   0x00000004   Data   RW         1155    .data.SystemCoreClock  system_stm32l0xx.o
    0x2000001c   0x0800626c   0x00000004   PAD
    0x20000020        -       0x00000060   Zero   RW         1340    .bss                c_p.l(libspace.o)
    0x20000080        -       0x00000006   Zero   RW          102    .bss..L_MergedGlobals  ssd1306.o
    0x20000086   0x0800626c   0x00000002   PAD
    0x20000088        -       0x00000054   Zero   RW           29    .bss..L_MergedGlobals.9  main.o
    0x200000dc        -       0x00000400   Zero   RW          101    .bss.SSD1306_Buffer  ssd1306.o
    0x200004dc        -       0x00000054   Zero   RW           23    .bss.hi2c1          main.o
    0x20000530        -       0x00000040   Zero   RW           21    .bss.htim6          main.o
    0x20000570        -       0x00000040   Zero   RW           22    .bss.htim7          main.o
    0x200005b0        -       0x00000088   Zero   RW           24    .bss.huart2         main.o
    0x20000638        -       0x00000004   Zero   RW          382    .bss.uwTick         stm32l0xx_hal.o
    0x2000063c   0x0800626c   0x00000004   PAD
    0x20000640        -       0x00000200   Zero   RW            2    HEAP                startup_stm32l073xx.o
    0x20000840        -       0x00000400   Zero   RW            1    STACK               startup_stm32l073xx.o


==============================================================================

Image component sizes


      Code (inc. data)   RO Data    RW Data    ZI Data      Debug   Object Name

      1686         32          0          0          0      11846   bmp280.o
         0          0       1900          8          0        910   fonts.o
      1488        268         65          8        432      13210   main.o
      2126         20          0          0       1030      11449   ssd1306.o
        56         26        192          0       1536        664   startup_stm32l073xx.o
       176         24          0          8          4       6896   stm32l0xx_hal.o
       132         24          0          0          0       6672   stm32l0xx_hal_cortex.o
       136          0          0          0          0       7858   stm32l0xx_hal_dma.o
       396         16          0          0          0       5114   stm32l0xx_hal_gpio.o
      2144         44          0          0          0      64625   stm32l0xx_hal_i2c.o
       132          0          0          0          0       5475   stm32l0xx_hal_i2c_ex.o
       312         28          0          0          0       9374   stm32l0xx_hal_msp.o
        30          4          0          0          0       4553   stm32l0xx_hal_pwr.o
      2104        104          0          0          0       9964   stm32l0xx_hal_rcc.o
       568          8          0          0          0       8686   stm32l0xx_hal_rcc_ex.o
       558         16          0          0          0      56449   stm32l0xx_hal_tim.o
        92          0          0          0          0       4468   stm32l0xx_hal_tim_ex.o
      3072        134         16          0          0      41829   stm32l0xx_hal_uart.o
         2          0          0          0          0      10000   stm32l0xx_hal_uart_ex.o
        72         12          0          0          0       1992   stm32l0xx_it.o
         2          0         33          4          0       2146   system_stm32l0xx.o

    ----------------------------------------------------------------------
     15300        760       2244         28       3012     284180   Object Totals
         0          0         32          0          0          0   (incl. Generated)
        16          0          6          0         10          0   (incl. Padding)

    ----------------------------------------------------------------------

      Code (inc. data)   RO Data    RW Data    ZI Data      Debug   Library Member Name

         8          0          0          0          0         68   __main.o
       284          0          0          0          0        136   __printf_wp.o
         0          0          0          0          0          0   __rtentry.o
        12          0          0          0          0          0   __rtentry2.o
         6          0          0          0          0          0   __rtentry4.o
        86         10          0          0          0          0   __scatter.o
        26          0          0          0          0          0   __scatter_copy.o
        28          0          0          0          0          0   __scatter_zi.o
        46          0          0          0          0        100   _printf_char.o
        48          6          0          0          0         88   _printf_char_common.o
        10          0          0          0          0          0   _printf_f.o
      1044         12          0          0          0        116   _printf_fp_dec.o
       136         16          0          0          0         76   _printf_fp_infnan.o
         2          0          0          0          0          0   _printf_percent.o
         4          0          0          0          0          0   _printf_percent_end.o
        10          0          0          0          0          0   _printf_s.o
        82          0          0          0          0         72   _printf_str.o
        10          0          0          0          0         60   _sputc.o
        18          0          0          0          0         68   aeabi_memset4.o
      1006          4          0          0          0        184   aeabi_sdivfast.o
       216          6        148          0          0         80   bigflt0.o
      1456         30          0          0          0        336   btod.o
        16          0          0          0          0         68   exit.o
         6          0          0          0          0        136   heapauxi.o
         0          0          0          0          0          0   indicate_semi.o
        44         10         28          0          0         76   lc_numeric_c.o
         2          0          0          0          0          0   libinit.o
        18          0          0          0          0          0   libinit2.o
         2          0          0          0          0          0   libshutdown.o
         2          0          0          0          0          0   libshutdown2.o
         8          4          0          0         96         68   libspace.o
        48          0          0          0          0         72   llmul.o
       166          0          0          0          0         72   llsdiv.o
       272          0          0          0          0         88   lludiv.o
       122          0          0          0          0         72   lludiv10.o
        40          4          0          0          0         84   noretval__2sprintf.o
         8          4          0          0          0         68   rt_locale_intlibspace.o
        64          0          0          0          0        108   rt_memclr.o
         2          0          0          0          0          0   rtexit.o
        10          0          0          0          0          0   rtexit2.o
        40          0          0          0          0         60   rtudiv10.o
       176          4          0          0          0         80   strcmpv6m.o
        68          6          0          0          0         72   strlen.o
        12          4          0          0          0         60   sys_exit.o
        62          0          0          0          0         80   sys_stackheap_outer.o
         2          0          0          0          0         68   use_no_semi.o
        46          0          0          0          0         60   cmpret.o
        84          4          0          0          0         60   f2d.o
       348          8          0          0          0        160   faddsub.o
        92          0          0          0          0        272   fcmp.o
       100          4          0          0          0         68   fcmpin.o
       352         10         64          0          0         92   fdiv.o
        94          0          0          0          0         92   fflti.o
        84          4          0          0          0         76   fgef.o
        84          4          0          0          0         76   flef.o
       176          4          0          0          0         80   fmul.o
        16          6          0          0          0         68   fnan2.o
        16          4          0          0          0         76   printf1.o
        94          0          0          0          0         68   retnan.o
         0          0          0          0          0          0   usenofp.o
        44          4          0          0          0         60   fpclassify.o

    ----------------------------------------------------------------------
      7380        172        240          0         96       4024   Library Totals
        22          0          0          0          0          0   (incl. Padding)

    ----------------------------------------------------------------------

      Code (inc. data)   RO Data    RW Data    ZI Data      Debug   Library Name

      5728        120        176          0         96       2716   c_p.l
      1586         48         64          0          0       1248   fz_ps.l
        44          4          0          0          0         60   m_ps.l

    ----------------------------------------------------------------------
      7380        172        240          0         96       4024   Library Totals

    ----------------------------------------------------------------------

==============================================================================


      Code (inc. data)   RO Data    RW Data    ZI Data      Debug   

     22680        932       2484         28       3108     285840   Grand Totals
     22680        932       2484         28       3108     285840   ELF Image Totals
     22680        932       2484         28          0          0   ROM Totals

==============================================================================

    Total RO  Size (Code + RO Data)                25164 (  24.57kB)
    Total RW  Size (RW Data + ZI Data)              3136 (   3.06kB)
    Total ROM Size (Code + RO Data + RW Data)      25192 (  24.60kB)

==============================================================================

